{"logTime": "0817/132856", "correlationVector":"JP82PqwOoJbr0cbIJgVcY4.2","action":"ProcessGetUpdates", "result":"Done", "context":{"dataType":"History", "deleted":"0", "process_failed_to_decrypt":"0", "process_pending_decryption":"0", "process_success":"250", "total":"250"}}
{"logTime": "0817/132856", "correlationVector":"JP82PqwOoJbr0cbIJgVcY4.3","action":"GetUpdates Response", "result":"Success", "context":Received 250 update(s). cV=JP82PqwOoJbr0cbIJgVcY4.0;server=akswtt11700002i;cloudType=Multitenant;environment=Prod_francecentral_prod-s01-062-eur-francecentral;migrationStage=NotStarted Some updates remain.}
{"logTime": "0817/132856", "correlationVector":"n1BqLBkXQaZbSERiseWFDf","action":"Initial GetUpdates", "result":"", "context":Reason: NEWLY_SUPPORTED_DATATYPE. cV=n1BqLBkXQaZbSERiseWFDf}
{"logTime": "0817/132856", "correlationVector":"n1BqLBkXQaZbSERiseWFDf.1","action":"SyncServerConnectionManagerRequest", "result":"SYNC_SERVER_OK", "context":{"environment":"Prod_francecentral_prod-s01-062-eur-francecentral", "migrationStage":"NotStarted", "server":"akswtt11700000y"}}
{"logTime": "0817/132856", "correlationVector":"n1BqLBkXQaZbSERiseWFDf.2","action":"ProcessGetUpdates", "result":"Done", "context":{"dataType":"History", "deleted":"0", "process_failed_to_decrypt":"0", "process_pending_decryption":"0", "process_success":"250", "total":"250"}}
{"logTime": "0817/132856", "correlationVector":"n1BqLBkXQaZbSERiseWFDf.3","action":"GetUpdates Response", "result":"Success", "context":Received 250 update(s). cV=n1BqLBkXQaZbSERiseWFDf.0;server=akswtt11700000y;cloudType=Multitenant;environment=Prod_francecentral_prod-s01-062-eur-francecentral;migrationStage=NotStarted Some updates remain.}
{"logTime": "0817/132856", "correlationVector":"R07ZSVdTtW2mAsa9Q3SyMM","action":"Initial GetUpdates", "result":"", "context":Reason: NEWLY_SUPPORTED_DATATYPE. cV=R07ZSVdTtW2mAsa9Q3SyMM}
{"logTime": "0817/132857", "correlationVector":"R07ZSVdTtW2mAsa9Q3SyMM.1","action":"SyncServerConnectionManagerRequest", "result":"SYNC_SERVER_OK", "context":{"environment":"Prod_francecentral_prod-s01-062-eur-francecentral", "migrationStage":"NotStarted", "server":"akswtt11700000n"}}
{"logTime": "0817/132857", "correlationVector":"R07ZSVdTtW2mAsa9Q3SyMM.2","action":"ProcessGetUpdates", "result":"Done", "context":{"dataType":"History", "deleted":"0", "process_failed_to_decrypt":"0", "process_pending_decryption":"0", "process_success":"250", "total":"250"}}
{"logTime": "0817/132857", "correlationVector":"R07ZSVdTtW2mAsa9Q3SyMM.3","action":"GetUpdates Response", "result":"Success", "context":Received 250 update(s). cV=R07ZSVdTtW2mAsa9Q3SyMM.0;server=akswtt11700000n;cloudType=Multitenant;environment=Prod_francecentral_prod-s01-062-eur-francecentral;migrationStage=NotStarted Some updates remain.}
{"logTime": "0817/132857", "correlationVector":"kiA29iQv4nEe7UR7etF91W","action":"Initial GetUpdates", "result":"", "context":Reason: NEWLY_SUPPORTED_DATATYPE. cV=kiA29iQv4nEe7UR7etF91W}
{"logTime": "0817/132857", "correlationVector":"kiA29iQv4nEe7UR7etF91W.1","action":"SyncServerConnectionManagerRequest", "result":"SYNC_SERVER_OK", "context":{"environment":"Prod_francecentral_prod-s01-062-eur-francecentral", "migrationStage":"NotStarted", "server":"akswtt11700000y"}}
{"logTime": "0817/132857", "correlationVector":"kiA29iQv4nEe7UR7etF91W.2","action":"ProcessGetUpdates", "result":"Done", "context":{"dataType":"History", "deleted":"0", "process_failed_to_decrypt":"0", "process_pending_decryption":"0", "process_success":"250", "total":"250"}}
{"logTime": "0817/132857", "correlationVector":"kiA29iQv4nEe7UR7etF91W.3","action":"GetUpdates Response", "result":"Success", "context":Received 250 update(s). cV=kiA29iQv4nEe7UR7etF91W.0;server=akswtt11700000y;cloudType=Multitenant;environment=Prod_francecentral_prod-s01-062-eur-francecentral;migrationStage=NotStarted Some updates remain.}
{"logTime": "0817/132857", "correlationVector":"MyJ+pPxUq8hGsBA+tPFknO","action":"Initial GetUpdates", "result":"", "context":Reason: NEWLY_SUPPORTED_DATATYPE. cV=MyJ+pPxUq8hGsBA+tPFknO}
{"logTime": "0817/132858", "correlationVector":"MyJ+pPxUq8hGsBA+tPFknO.1","action":"SyncServerConnectionManagerRequest", "result":"SYNC_SERVER_OK", "context":{"environment":"Prod_francecentral_prod-s01-062-eur-francecentral", "migrationStage":"NotStarted", "server":"akswtt117000014"}}
{"logTime": "0817/132858", "correlationVector":"MyJ+pPxUq8hGsBA+tPFknO.2","action":"ProcessGetUpdates", "result":"Done", "context":{"dataType":"History", "deleted":"0", "process_failed_to_decrypt":"0", "process_pending_decryption":"0", "process_success":"250", "total":"250"}}
{"logTime": "0817/132858", "correlationVector":"MyJ+pPxUq8hGsBA+tPFknO.3","action":"GetUpdates Response", "result":"Success", "context":Received 250 update(s). cV=MyJ+pPxUq8hGsBA+tPFknO.0;server=akswtt117000014;cloudType=Multitenant;environment=Prod_francecentral_prod-s01-062-eur-francecentral;migrationStage=NotStarted Some updates remain.}
{"logTime": "0817/132858", "correlationVector":"WUjI6mk1nX4ZRVsWSwNt+A","action":"Initial GetUpdates", "result":"", "context":Reason: NEWLY_SUPPORTED_DATATYPE. cV=WUjI6mk1nX4ZRVsWSwNt+A}
{"logTime": "0817/132859", "correlationVector":"WUjI6mk1nX4ZRVsWSwNt+A.1","action":"SyncServerConnectionManagerRequest", "result":"SYNC_SERVER_OK", "context":{"environment":"Prod_francecentral_prod-s01-062-eur-francecentral", "migrationStage":"NotStarted", "server":"akswtt11700000v"}}
{"logTime": "0817/132859", "correlationVector":"WUjI6mk1nX4ZRVsWSwNt+A.2","action":"ProcessGetUpdates", "result":"Done", "context":{"dataType":"History", "deleted":"0", "process_failed_to_decrypt":"0", "process_pending_decryption":"0", "process_success":"250", "total":"250"}}
{"logTime": "0817/132859", "correlationVector":"WUjI6mk1nX4ZRVsWSwNt+A.3","action":"GetUpdates Response", "result":"Success", "context":Received 250 update(s). cV=WUjI6mk1nX4ZRVsWSwNt+A.0;server=akswtt11700000v;cloudType=Multitenant;environment=Prod_francecentral_prod-s01-062-eur-francecentral;migrationStage=NotStarted Some updates remain.}
{"logTime": "0817/132859", "correlationVector":"ORUfZzoZ5oYfkXWh3kZ4Pw","action":"Initial GetUpdates", "result":"", "context":Reason: NEWLY_SUPPORTED_DATATYPE. cV=ORUfZzoZ5oYfkXWh3kZ4Pw}
{"logTime": "0817/132859", "correlationVector":"ORUfZzoZ5oYfkXWh3kZ4Pw.1","action":"SyncServerConnectionManagerRequest", "result":"SYNC_SERVER_OK", "context":{"environment":"Prod_francecentral_prod-s01-062-eur-francecentral", "migrationStage":"NotStarted", "server":"akswtt11700000v"}}
{"logTime": "0817/132859", "correlationVector":"ORUfZzoZ5oYfkXWh3kZ4Pw.2","action":"ProcessGetUpdates", "result":"Done", "context":{"dataType":"History", "deleted":"0", "process_failed_to_decrypt":"0", "process_pending_decryption":"0", "process_success":"250", "total":"250"}}
{"logTime": "0817/132859", "correlationVector":"ORUfZzoZ5oYfkXWh3kZ4Pw.3","action":"GetUpdates Response", "result":"Success", "context":Received 250 update(s). cV=ORUfZzoZ5oYfkXWh3kZ4Pw.0;server=akswtt11700000v;cloudType=Multitenant;environment=Prod_francecentral_prod-s01-062-eur-francecentral;migrationStage=NotStarted Some updates remain.}
{"logTime": "0817/132859", "correlationVector":"eHEbRKlGF84iQ0IlyyqniN","action":"Initial GetUpdates", "result":"", "context":Reason: NEWLY_SUPPORTED_DATATYPE. cV=eHEbRKlGF84iQ0IlyyqniN}
{"logTime": "0817/132900", "correlationVector":"eHEbRKlGF84iQ0IlyyqniN.1","action":"SyncServerConnectionManagerRequest", "result":"SYNC_SERVER_OK", "context":{"environment":"Prod_francecentral_prod-s01-062-eur-francecentral", "migrationStage":"NotStarted", "server":"akswtt11700000v"}}
{"logTime": "0817/132900", "correlationVector":"eHEbRKlGF84iQ0IlyyqniN.2","action":"ProcessGetUpdates", "result":"Done", "context":{"dataType":"History", "deleted":"0", "process_failed_to_decrypt":"0", "process_pending_decryption":"0", "process_success":"250", "total":"250"}}
{"logTime": "0817/132900", "correlationVector":"eHEbRKlGF84iQ0IlyyqniN.3","action":"GetUpdates Response", "result":"Success", "context":Received 250 update(s). cV=eHEbRKlGF84iQ0IlyyqniN.0;server=akswtt11700000v;cloudType=Multitenant;environment=Prod_francecentral_prod-s01-062-eur-francecentral;migrationStage=NotStarted Some updates remain.}
{"logTime": "0817/132900", "correlationVector":"Nj8kv/nQrb7+grI18sWInf","action":"Initial GetUpdates", "result":"", "context":Reason: NEWLY_SUPPORTED_DATATYPE. cV=Nj8kv/nQrb7+grI18sWInf}
{"logTime": "0817/132900", "correlationVector":"Nj8kv/nQrb7+grI18sWInf.1","action":"SyncServerConnectionManagerRequest", "result":"SYNC_SERVER_OK", "context":{"environment":"Prod_francecentral_prod-s01-062-eur-francecentral", "migrationStage":"NotStarted", "server":"akswtt11700000v"}}
{"logTime": "0817/132900", "correlationVector":"Nj8kv/nQrb7+grI18sWInf.2","action":"ProcessGetUpdates", "result":"Done", "context":{"dataType":"History", "deleted":"0", "process_failed_to_decrypt":"0", "process_pending_decryption":"0", "process_success":"250", "total":"250"}}
{"logTime": "0817/132900", "correlationVector":"Nj8kv/nQrb7+grI18sWInf.3","action":"GetUpdates Response", "result":"Success", "context":Received 250 update(s). cV=Nj8kv/nQrb7+grI18sWInf.0;server=akswtt11700000v;cloudType=Multitenant;environment=Prod_francecentral_prod-s01-062-eur-francecentral;migrationStage=NotStarted Some updates remain.}
{"logTime": "0817/132900", "correlationVector":"HROvu8laubmaNgCz0CKz3h","action":"Initial GetUpdates", "result":"", "context":Reason: NEWLY_SUPPORTED_DATATYPE. cV=HROvu8laubmaNgCz0CKz3h}
{"logTime": "0817/132901", "correlationVector":"HROvu8laubmaNgCz0CKz3h.1","action":"SyncServerConnectionManagerRequest", "result":"SYNC_SERVER_OK", "context":{"environment":"Prod_francecentral_prod-s01-062-eur-francecentral", "migrationStage":"NotStarted", "server":"akswtt11700000y"}}
{"logTime": "0817/132901", "correlationVector":"HROvu8laubmaNgCz0CKz3h.2","action":"ProcessGetUpdates", "result":"Done", "context":{"dataType":"History", "deleted":"0", "process_failed_to_decrypt":"0", "process_pending_decryption":"0", "process_success":"250", "total":"250"}}
{"logTime": "0817/132901", "correlationVector":"HROvu8laubmaNgCz0CKz3h.3","action":"GetUpdates Response", "result":"Success", "context":Received 250 update(s). cV=HROvu8laubmaNgCz0CKz3h.0;server=akswtt11700000y;cloudType=Multitenant;environment=Prod_francecentral_prod-s01-062-eur-francecentral;migrationStage=NotStarted Some updates remain.}
{"logTime": "0817/132901", "correlationVector":"LRGjX57IRio3ftJbtqmlrT","action":"Initial GetUpdates", "result":"", "context":Reason: NEWLY_SUPPORTED_DATATYPE. cV=LRGjX57IRio3ftJbtqmlrT}
{"logTime": "0817/132901", "correlationVector":"LRGjX57IRio3ftJbtqmlrT.1","action":"SyncServerConnectionManagerRequest", "result":"SYNC_SERVER_OK", "context":{"environment":"Prod_francecentral_prod-s01-062-eur-francecentral", "migrationStage":"NotStarted", "server":"akswtt11700000f"}}
{"logTime": "0817/132901", "correlationVector":"LRGjX57IRio3ftJbtqmlrT.2","action":"ProcessGetUpdates", "result":"Done", "context":{"dataType":"History", "deleted":"0", "process_failed_to_decrypt":"0", "process_pending_decryption":"0", "process_success":"250", "total":"250"}}
{"logTime": "0817/132901", "correlationVector":"LRGjX57IRio3ftJbtqmlrT.3","action":"GetUpdates Response", "result":"Success", "context":Received 250 update(s). cV=LRGjX57IRio3ftJbtqmlrT.0;server=akswtt11700000f;cloudType=Multitenant;environment=Prod_francecentral_prod-s01-062-eur-francecentral;migrationStage=NotStarted Some updates remain.}
{"logTime": "0817/132901", "correlationVector":"W599xK6ykYV8Zk75W13QBg","action":"Initial GetUpdates", "result":"", "context":Reason: NEWLY_SUPPORTED_DATATYPE. cV=W599xK6ykYV8Zk75W13QBg}
{"logTime": "0817/132902", "correlationVector":"W599xK6ykYV8Zk75W13QBg.1","action":"SyncServerConnectionManagerRequest", "result":"SYNC_SERVER_OK", "context":{"environment":"Prod_francecentral_prod-s01-062-eur-francecentral", "migrationStage":"NotStarted", "server":"akswtt117000014"}}
{"logTime": "0817/132902", "correlationVector":"W599xK6ykYV8Zk75W13QBg.2","action":"ProcessGetUpdates", "result":"Done", "context":{"dataType":"History", "deleted":"0", "process_failed_to_decrypt":"0", "process_pending_decryption":"0", "process_success":"250", "total":"250"}}
{"logTime": "0817/132902", "correlationVector":"W599xK6ykYV8Zk75W13QBg.3","action":"GetUpdates Response", "result":"Success", "context":Received 250 update(s). cV=W599xK6ykYV8Zk75W13QBg.0;server=akswtt117000014;cloudType=Multitenant;environment=Prod_francecentral_prod-s01-062-eur-francecentral;migrationStage=NotStarted Some updates remain.}
{"logTime": "0817/132902", "correlationVector":"a9hSAi5hE23knNixJLaC74","action":"Initial GetUpdates", "result":"", "context":Reason: NEWLY_SUPPORTED_DATATYPE. cV=a9hSAi5hE23knNixJLaC74}
{"logTime": "0817/132902", "correlationVector":"a9hSAi5hE23knNixJLaC74.1","action":"SyncServerConnectionManagerRequest", "result":"SYNC_SERVER_OK", "context":{"environment":"Prod_francecentral_prod-s01-062-eur-francecentral", "migrationStage":"NotStarted", "server":"akswtt117000009"}}
{"logTime": "0817/132902", "correlationVector":"a9hSAi5hE23knNixJLaC74.2","action":"ProcessGetUpdates", "result":"Done", "context":{"dataType":"History", "deleted":"0", "process_failed_to_decrypt":"0", "process_pending_decryption":"0", "process_success":"250", "total":"250"}}
{"logTime": "0817/132902", "correlationVector":"a9hSAi5hE23knNixJLaC74.3","action":"GetUpdates Response", "result":"Success", "context":Received 250 update(s). cV=a9hSAi5hE23knNixJLaC74.0;server=akswtt117000009;cloudType=Multitenant;environment=Prod_francecentral_prod-s01-062-eur-francecentral;migrationStage=NotStarted Some updates remain.}
{"logTime": "0817/132902", "correlationVector":"TzUUrtW/Te6V5Z94CFzDj4","action":"Initial GetUpdates", "result":"", "context":Reason: NEWLY_SUPPORTED_DATATYPE. cV=TzUUrtW/Te6V5Z94CFzDj4}
{"logTime": "0817/132902", "correlationVector":"TzUUrtW/Te6V5Z94CFzDj4.1","action":"SyncServerConnectionManagerRequest", "result":"SYNC_SERVER_OK", "context":{"environment":"Prod_francecentral_prod-s01-062-eur-francecentral", "migrationStage":"NotStarted", "server":"akswtt11700000y"}}
{"logTime": "0817/132902", "correlationVector":"TzUUrtW/Te6V5Z94CFzDj4.2","action":"ProcessGetUpdates", "result":"Done", "context":{"dataType":"History", "deleted":"0", "process_failed_to_decrypt":"0", "process_pending_decryption":"0", "process_success":"250", "total":"250"}}
{"logTime": "0817/132902", "correlationVector":"TzUUrtW/Te6V5Z94CFzDj4.3","action":"GetUpdates Response", "result":"Success", "context":Received 250 update(s). cV=TzUUrtW/Te6V5Z94CFzDj4.0;server=akswtt11700000y;cloudType=Multitenant;environment=Prod_francecentral_prod-s01-062-eur-francecentral;migrationStage=NotStarted Some updates remain.}
{"logTime": "0817/132902", "correlationVector":"WWovbZGxUR17bTCOwbXMFN","action":"Initial GetUpdates", "result":"", "context":Reason: NEWLY_SUPPORTED_DATATYPE. cV=WWovbZGxUR17bTCOwbXMFN}
{"logTime": "0817/132903", "correlationVector":"WWovbZGxUR17bTCOwbXMFN.1","action":"SyncServerConnectionManagerRequest", "result":"SYNC_SERVER_OK", "context":{"environment":"Prod_francecentral_prod-s01-062-eur-francecentral", "migrationStage":"NotStarted", "server":"akswtt117000009"}}
{"logTime": "0817/132903", "correlationVector":"WWovbZGxUR17bTCOwbXMFN.2","action":"ProcessGetUpdates", "result":"Done", "context":{"dataType":"History", "deleted":"0", "process_failed_to_decrypt":"0", "process_pending_decryption":"0", "process_success":"250", "total":"250"}}
{"logTime": "0817/132903", "correlationVector":"WWovbZGxUR17bTCOwbXMFN.3","action":"GetUpdates Response", "result":"Success", "context":Received 250 update(s). cV=WWovbZGxUR17bTCOwbXMFN.0;server=akswtt117000009;cloudType=Multitenant;environment=Prod_francecentral_prod-s01-062-eur-francecentral;migrationStage=NotStarted Some updates remain.}
{"logTime": "0817/132903", "correlationVector":"/c9CoUj8cf6FwLagCTB91l","action":"Initial GetUpdates", "result":"", "context":Reason: NEWLY_SUPPORTED_DATATYPE. cV=/c9CoUj8cf6FwLagCTB91l}
{"logTime": "0817/132904", "correlationVector":"/c9CoUj8cf6FwLagCTB91l.1","action":"SyncServerConnectionManagerRequest", "result":"SYNC_SERVER_OK", "context":{"environment":"Prod_francecentral_prod-s01-062-eur-francecentral", "migrationStage":"NotStarted", "server":"akswtt11700002y"}}
{"logTime": "0817/132904", "correlationVector":"/c9CoUj8cf6FwLagCTB91l.2","action":"ProcessGetUpdates", "result":"Done", "context":{"dataType":"History", "deleted":"0", "process_failed_to_decrypt":"0", "process_pending_decryption":"0", "process_success":"250", "total":"250"}}
{"logTime": "0817/132904", "correlationVector":"/c9CoUj8cf6FwLagCTB91l.3","action":"GetUpdates Response", "result":"Success", "context":Received 250 update(s). cV=/c9CoUj8cf6FwLagCTB91l.0;server=akswtt11700002y;cloudType=Multitenant;environment=Prod_francecentral_prod-s01-062-eur-francecentral;migrationStage=NotStarted Some updates remain.}
{"logTime": "0817/132904", "correlationVector":"gOPyqrzWpDUzXoWye5mG25","action":"Initial GetUpdates", "result":"", "context":Reason: NEWLY_SUPPORTED_DATATYPE. cV=gOPyqrzWpDUzXoWye5mG25}
{"logTime": "0817/132904", "correlationVector":"gOPyqrzWpDUzXoWye5mG25.1","action":"SyncServerConnectionManagerRequest", "result":"SYNC_SERVER_OK", "context":{"environment":"Prod_francecentral_prod-s01-062-eur-francecentral", "migrationStage":"NotStarted", "server":"akswtt11700000f"}}
{"logTime": "0817/132904", "correlationVector":"gOPyqrzWpDUzXoWye5mG25.2","action":"ProcessGetUpdates", "result":"Done", "context":{"dataType":"History", "deleted":"0", "process_failed_to_decrypt":"0", "process_pending_decryption":"0", "process_success":"250", "total":"250"}}
{"logTime": "0817/132904", "correlationVector":"gOPyqrzWpDUzXoWye5mG25.3","action":"GetUpdates Response", "result":"Success", "context":Received 250 update(s). cV=gOPyqrzWpDUzXoWye5mG25.0;server=akswtt11700000f;cloudType=Multitenant;environment=Prod_francecentral_prod-s01-062-eur-francecentral;migrationStage=NotStarted Some updates remain.}
{"logTime": "0817/132904", "correlationVector":"bwVunlHZP48mSN/otY6rZc","action":"Initial GetUpdates", "result":"", "context":Reason: NEWLY_SUPPORTED_DATATYPE. cV=bwVunlHZP48mSN/otY6rZc}
{"logTime": "0817/132905", "correlationVector":"bwVunlHZP48mSN/otY6rZc.1","action":"SyncServerConnectionManagerRequest", "result":"SYNC_SERVER_OK", "context":{"environment":"Prod_francecentral_prod-s01-062-eur-francecentral", "migrationStage":"NotStarted", "server":"akswtt117000009"}}
{"logTime": "0817/132905", "correlationVector":"bwVunlHZP48mSN/otY6rZc.2","action":"ProcessGetUpdates", "result":"Done", "context":{"dataType":"History", "deleted":"0", "process_failed_to_decrypt":"0", "process_pending_decryption":"0", "process_success":"250", "total":"250"}}
{"logTime": "0817/132905", "correlationVector":"bwVunlHZP48mSN/otY6rZc.3","action":"GetUpdates Response", "result":"Success", "context":Received 250 update(s). cV=bwVunlHZP48mSN/otY6rZc.0;server=akswtt117000009;cloudType=Multitenant;environment=Prod_francecentral_prod-s01-062-eur-francecentral;migrationStage=NotStarted Some updates remain.}
{"logTime": "0817/132905", "correlationVector":"c9F2V0eUOKWbR04ViXP3yL","action":"Initial GetUpdates", "result":"", "context":Reason: NEWLY_SUPPORTED_DATATYPE. cV=c9F2V0eUOKWbR04ViXP3yL}
{"logTime": "0817/132905", "correlationVector":"c9F2V0eUOKWbR04ViXP3yL.1","action":"SyncServerConnectionManagerRequest", "result":"SYNC_SERVER_OK", "context":{"environment":"Prod_francecentral_prod-s01-062-eur-francecentral", "migrationStage":"NotStarted", "server":"akswtt117000014"}}
{"logTime": "0817/132905", "correlationVector":"c9F2V0eUOKWbR04ViXP3yL.2","action":"ProcessGetUpdates", "result":"Done", "context":{"dataType":"History", "deleted":"0", "process_failed_to_decrypt":"0", "process_pending_decryption":"0", "process_success":"250", "total":"250"}}
{"logTime": "0817/132905", "correlationVector":"c9F2V0eUOKWbR04ViXP3yL.3","action":"GetUpdates Response", "result":"Success", "context":Received 250 update(s). cV=c9F2V0eUOKWbR04ViXP3yL.0;server=akswtt117000014;cloudType=Multitenant;environment=Prod_francecentral_prod-s01-062-eur-francecentral;migrationStage=NotStarted Some updates remain.}
{"logTime": "0817/132905", "correlationVector":"boj/XGTP6+k7i3YqD2BUIG","action":"Initial GetUpdates", "result":"", "context":Reason: NEWLY_SUPPORTED_DATATYPE. cV=boj/XGTP6+k7i3YqD2BUIG}
{"logTime": "0817/132905", "correlationVector":"boj/XGTP6+k7i3YqD2BUIG.1","action":"SyncServerConnectionManagerRequest", "result":"SYNC_SERVER_OK", "context":{"environment":"Prod_francecentral_prod-s01-062-eur-francecentral", "migrationStage":"NotStarted", "server":"akswtt11700000f"}}
{"logTime": "0817/132905", "correlationVector":"boj/XGTP6+k7i3YqD2BUIG.2","action":"ProcessGetUpdates", "result":"Done", "context":{"dataType":"History", "deleted":"0", "process_failed_to_decrypt":"0", "process_pending_decryption":"0", "process_success":"73", "total":"73"}}
{"logTime": "0817/132905", "correlationVector":"boj/XGTP6+k7i3YqD2BUIG.3","action":"GetUpdates Response", "result":"Success", "context":Received 73 update(s). cV=boj/XGTP6+k7i3YqD2BUIG.0;server=akswtt11700000f;cloudType=Multitenant;environment=Prod_francecentral_prod-s01-062-eur-francecentral;migrationStage=NotStarted}
{"logTime": "0817/132906", "correlationVector":"j8o0TtwduRQsuwcrM9Kdz5","action":"Normal GetUpdate request", "result":"", "context":cV=j8o0TtwduRQsuwcrM9Kdz5
Nudged types: Sessions, Device Info
Refresh requested types: Bookmarks, Preferences, Passwords, Autofill Profiles, Autofill, Extensions, Sessions, Extension settings, History Delete Directives, Device Info, User Consents, Send Tab To Self, Web Apps, History, Saved Tab Group, WebAuthn Credentials, Edge E Drop, Edge Hub App Usage, Edge Workspace, Encryption Keys}
{"logTime": "0817/132906", "correlationVector":"j8o0TtwduRQsuwcrM9Kdz5.1","action":"SyncServerConnectionManagerRequest", "result":"SYNC_SERVER_OK", "context":{"environment":"Prod_francecentral_prod-s01-062-eur-francecentral", "migrationStage":"NotStarted", "server":"akswtt117000009"}}
{"logTime": "0817/132906", "correlationVector":"j8o0TtwduRQsuwcrM9Kdz5.2","action":"GetUpdates Response", "result":"Success", "context":Received 0 update(s). cV=j8o0TtwduRQsuwcrM9Kdz5.0;server=akswtt117000009;cloudType=Multitenant;environment=Prod_francecentral_prod-s01-062-eur-francecentral;migrationStage=NotStarted}
{"logTime": "0817/132906", "correlationVector":"nPHd3DMSj5m4gqxCI0EPrr","action":"Commit Request", "result":"", "context":Item count: 3
Contributing types: Sessions, Device Info}
{"logTime": "0817/132906", "correlationVector":"nPHd3DMSj5m4gqxCI0EPrr.1","action":"SyncServerConnectionManagerRequest", "result":"SYNC_SERVER_OK", "context":{"environment":"Prod_francecentral_prod-s01-062-eur-francecentral", "migrationStage":"NotStarted", "server":"akswtt11700002j"}}
{"logTime": "0817/132906", "correlationVector":"nPHd3DMSj5m4gqxCI0EPrr.2","action":"Commit Response", "result":"Success", "context":Result: Success. cV=nPHd3DMSj5m4gqxCI0EPrr.0;server=akswtt11700002j;cloudType=Multitenant;environment=Prod_francecentral_prod-s01-062-eur-francecentral;migrationStage=NotStarted}
{"logTime": "0817/132907", "correlationVector":"YXhW/nk+w0kQh+FUadkUOl","action":"Normal GetUpdate request", "result":"", "context":cV=YXhW/nk+w0kQh+FUadkUOl
Notified types: History}
{"logTime": "0817/132908", "correlationVector":"YXhW/nk+w0kQh+FUadkUOl.1","action":"SyncServerConnectionManagerRequest", "result":"SYNC_SERVER_OK", "context":{"environment":"Prod_francecentral_prod-s01-062-eur-francecentral", "migrationStage":"NotStarted", "server":"akswtt11700000p"}}
{"logTime": "0817/132908", "correlationVector":"YXhW/nk+w0kQh+FUadkUOl.2","action":"ProcessGetUpdates", "result":"Done", "context":{"dataType":"Sessions", "deleted":"1", "process_failed_to_decrypt":"0", "process_pending_decryption":"0", "process_success":"4", "total":"4"}}
{"logTime": "0817/132908", "correlationVector":"YXhW/nk+w0kQh+FUadkUOl.3","action":"ProcessGetUpdates", "result":"Done", "context":{"dataType":"Device Info", "deleted":"0", "process_failed_to_decrypt":"0", "process_pending_decryption":"0", "process_success":"1", "total":"1"}}
{"logTime": "0817/132908", "correlationVector":"YXhW/nk+w0kQh+FUadkUOl.4","action":"ProcessGetUpdates", "result":"Done", "context":{"dataType":"History", "deleted":"0", "process_failed_to_decrypt":"0", "process_pending_decryption":"0", "process_success":"4", "total":"4"}}
{"logTime": "0817/132908", "correlationVector":"YXhW/nk+w0kQh+FUadkUOl.5","action":"GetUpdates Response", "result":"Success", "context":Received 9 update(s). cV=YXhW/nk+w0kQh+FUadkUOl.0;server=akswtt11700000p;cloudType=Multitenant;environment=Prod_francecentral_prod-s01-062-eur-francecentral;migrationStage=NotStarted}
{"logTime": "0817/132930", "correlationVector":"g5pVag39BogzLnBuSKQxtL","action":"Commit Request", "result":"", "context":Item count: 3
Contributing types: Preferences, Sessions, History}
{"logTime": "0817/132931", "correlationVector":"g5pVag39BogzLnBuSKQxtL.1","action":"SyncServerConnectionManagerRequest", "result":"SYNC_SERVER_OK", "context":{"environment":"Prod_westeurope_prod-s01-079-eur-westeurope", "migrationStage":"NotStarted", "server":"akswtt00400000f"}}
{"logTime": "0817/132931", "correlationVector":"g5pVag39BogzLnBuSKQxtL.2","action":"Commit Response", "result":"Success", "context":Result: Success. cV=g5pVag39BogzLnBuSKQxtL.0;server=akswtt00400000f;cloudType=Multitenant;environment=Prod_westeurope_prod-s01-079-eur-westeurope;migrationStage=NotStarted}
{"logTime": "0817/132932", "correlationVector":"g7RIfGWiNlAB2acfrrWDwy","action":"Normal GetUpdate request", "result":"", "context":cV=g7RIfGWiNlAB2acfrrWDwy
Notified types: History}
{"logTime": "0817/132932", "correlationVector":"g7RIfGWiNlAB2acfrrWDwy.1","action":"SyncServerConnectionManagerRequest", "result":"SYNC_SERVER_OK", "context":{"environment":"Prod_westeurope_prod-s01-079-eur-westeurope", "migrationStage":"NotStarted", "server":"akswtt00400001r"}}
{"logTime": "0817/132932", "correlationVector":"g7RIfGWiNlAB2acfrrWDwy.2","action":"ProcessGetUpdates", "result":"Done", "context":{"dataType":"Preferences", "deleted":"0", "process_failed_to_decrypt":"0", "process_pending_decryption":"0", "process_success":"1", "total":"1"}}
{"logTime": "0817/132932", "correlationVector":"g7RIfGWiNlAB2acfrrWDwy.3","action":"ProcessGetUpdates", "result":"Done", "context":{"dataType":"Sessions", "deleted":"0", "process_failed_to_decrypt":"0", "process_pending_decryption":"0", "process_success":"2", "total":"2"}}
{"logTime": "0817/132932", "correlationVector":"g7RIfGWiNlAB2acfrrWDwy.4","action":"ProcessGetUpdates", "result":"Done", "context":{"dataType":"History", "deleted":"0", "process_failed_to_decrypt":"0", "process_pending_decryption":"0", "process_success":"4", "total":"4"}}
{"logTime": "0817/132932", "correlationVector":"g7RIfGWiNlAB2acfrrWDwy.5","action":"GetUpdates Response", "result":"Success", "context":Received 7 update(s). cV=g7RIfGWiNlAB2acfrrWDwy.0;server=akswtt00400001r;cloudType=Multitenant;environment=Prod_westeurope_prod-s01-079-eur-westeurope;migrationStage=NotStarted}
{"logTime": "0817/133045", "correlationVector":"Co5TrEXsY2Xr0tSkedO95Z","action":"Commit Request", "result":"", "context":Item count: 3
Contributing types: Sessions, History}
{"logTime": "0817/133046", "correlationVector":"Co5TrEXsY2Xr0tSkedO95Z.1","action":"SyncServerConnectionManagerRequest", "result":"SYNC_SERVER_OK", "context":{"environment":"Prod_germanywestcentral_prod-s01-010-eur-germanywestcentral", "migrationStage":"NotStarted", "server":"akswtt00400004p"}}
{"logTime": "0817/133046", "correlationVector":"Co5TrEXsY2Xr0tSkedO95Z.2","action":"Commit Response", "result":"Success", "context":Result: Success. cV=Co5TrEXsY2Xr0tSkedO95Z.0;server=akswtt00400004p;cloudType=Multitenant;environment=Prod_germanywestcentral_prod-s01-010-eur-germanywestcentral;migrationStage=NotStarted}
{"logTime": "0817/133148", "correlationVector":"ksRKuP+bM3rv24de8nSE/v","action":"Commit Request", "result":"", "context":Item count: 3
Contributing types: Sessions, History}
{"logTime": "0817/133148", "correlationVector":"ksRKuP+bM3rv24de8nSE/v.1","action":"SyncServerConnectionManagerRequest", "result":"SYNC_SERVER_OK", "context":{"environment":"Prod_francecentral_prod-s01-062-eur-francecentral", "migrationStage":"NotStarted", "server":"akswtt11700002i"}}
{"logTime": "0817/133148", "correlationVector":"ksRKuP+bM3rv24de8nSE/v.2","action":"Commit Response", "result":"Success", "context":Result: Success. cV=ksRKuP+bM3rv24de8nSE/v.0;server=akswtt11700002i;cloudType=Multitenant;environment=Prod_francecentral_prod-s01-062-eur-francecentral;migrationStage=NotStarted}
{"logTime": "0817/133533", "correlationVector":"7ieMZ3w/vBJdBqVkj7OBNc.1","action":"SyncServerConnectionManagerRequest", "result":"SYNC_SERVER_OK", "context":{"environment":"Prod_francecentral_prod-s01-062-eur-francecentral", "migrationStage":"NotStarted", "server":"akswtt11700000m"}}
{"logTime": "0817/133533", "correlationVector":"7ieMZ3w/vBJdBqVkj7OBNc.2","action":"AAD.Mip.Unpack", "result":"Success", "context":MIP_CLOUD_COMMERCIAL:Success}
{"logTime": "0817/133533", "correlationVector":"7ieMZ3w/vBJdBqVkj7OBNc.3","action":"EncryptionKeysManager::SetEncryptionKeys:", "result":"Success", "context":Key names[4]:[6+KO6TRsBFuPX/BaTw7+C5YAH30GjPflUgbcObwqQlGUeieNuQFVp87cwtpYIqtCUr9zIrFwrYz+adGgnrUqkg==][BnXUbsrewmgPz/ycezybCCjW8hVi+UFYBKtxLh3cbMa+oTV5TbnMnzlYYsw5rq2p79BPUxyAxPhszeI2+20s4Q==][i5/ajNRNXevvD38PBiaQ4l+xQesznFg1ZRyjTAWkKRRZwtya1gOngtvrxbIPw7x65760QIsnea5V4x7qlC5oqA==][PYhbGnOmIV2GvY4plopmUOZNthjt5qRx01YQWwcHHoVOwIts86jY7fNgvUj2ST7tKn23k5iYAZ3Dhhq9K3mpOw==]}
{"logTime": "0817/133533", "correlationVector":"7ieMZ3w/vBJdBqVkj7OBNc.4","action":"AAD.GetKeyResponse", "result":"Success", "context":Keys=4.LastKeyStatus=Active. 2026-06-17 21:40:00 +01.State=None. Tags: Current_encryption_keys_tag = 77+9C1nvv73vv71+77+9Ue+/vWTvv73vv73vv71X77+977+977+977+977+9Te+/vXVg77+9QO+/ve+/vRrvv73vv71D77+9, Updated_current_encryption_keys_tag = Empty. Emails: ["ense1097977@tarbia.tn"]}
{"logTime": "0817/133533", "correlationVector":"7ieMZ3w/vBJdBqVkj7OBNc.5","action":"ProcessGetUpdates", "result":"Done", "context":{"dataType":"Encryption Keys", "deleted":"0", "process_failed_to_decrypt":"0", "process_pending_decryption":"0", "process_success":"1", "total":"1"}}
{"logTime": "0817/133534", "correlationVector":"7ieMZ3w/vBJdBqVkj7OBNc","action":"Initial GetUpdates", "result":"", "context":Reason: NEW_CLIENT. cV=7ieMZ3w/vBJdBqVkj7OBNc}
{"logTime": "0817/133534", "correlationVector":"7ieMZ3w/vBJdBqVkj7OBNc.6","action":"GetUpdates Response", "result":"Success", "context":Received 1 update(s). cV=7ieMZ3w/vBJdBqVkj7OBNc.0;server=akswtt11700000m;cloudType=Multitenant;environment=Prod_francecentral_prod-s01-062-eur-francecentral;migrationStage=NotStarted}
{"logTime": "0817/133534", "correlationVector":"WM33Tu2wI05NpRc7EMm2iy","action":"Initial GetUpdates", "result":"", "context":Reason: NEWLY_SUPPORTED_DATATYPE. cV=WM33Tu2wI05NpRc7EMm2iy}
{"logTime": "0817/133534", "correlationVector":"WM33Tu2wI05NpRc7EMm2iy.1","action":"SyncServerConnectionManagerRequest", "result":"SYNC_SERVER_OK", "context":{"environment":"Prod_francecentral_prod-s01-062-eur-francecentral", "migrationStage":"NotStarted", "server":"akswtt11700000a"}}
{"logTime": "0817/133534", "correlationVector":"WM33Tu2wI05NpRc7EMm2iy.2","action":"ProcessGetUpdates", "result":"Done", "context":{"dataType":"Passwords", "deleted":"32", "process_failed_to_decrypt":"0", "process_pending_decryption":"0", "process_success":"250", "total":"250"}}
{"logTime": "0817/133534", "correlationVector":"WM33Tu2wI05NpRc7EMm2iy.3","action":"GetUpdates Response", "result":"Success", "context":Received 250 update(s). cV=WM33Tu2wI05NpRc7EMm2iy.0;server=akswtt11700000a;cloudType=Multitenant;environment=Prod_francecentral_prod-s01-062-eur-francecentral;migrationStage=NotStarted Some updates remain.}
{"logTime": "0817/133534", "correlationVector":"exrJkVTaO5aG3/qgr9LeVf","action":"Initial GetUpdates", "result":"", "context":Reason: NEWLY_SUPPORTED_DATATYPE. cV=exrJkVTaO5aG3/qgr9LeVf}
{"logTime": "0817/133535", "correlationVector":"exrJkVTaO5aG3/qgr9LeVf.1","action":"SyncServerConnectionManagerRequest", "result":"SYNC_SERVER_OK", "context":{"environment":"Prod_westeurope_prod-s01-079-eur-westeurope", "migrationStage":"NotStarted", "server":"akswtt00400000g"}}
{"logTime": "0817/133535", "correlationVector":"exrJkVTaO5aG3/qgr9LeVf.2","action":"ProcessGetUpdates", "result":"Done", "context":{"dataType":"Passwords", "deleted":"0", "process_failed_to_decrypt":"0", "process_pending_decryption":"0", "process_success":"204", "total":"204"}}
{"logTime": "0817/133535", "correlationVector":"exrJkVTaO5aG3/qgr9LeVf.3","action":"GetUpdates Response", "result":"Success", "context":Received 204 update(s). cV=exrJkVTaO5aG3/qgr9LeVf.0;server=akswtt00400000g;cloudType=Multitenant;environment=Prod_westeurope_prod-s01-079-eur-westeurope;migrationStage=NotStarted}
{"logTime": "0817/133538", "correlationVector":"aG6RUeGMCTVAH4rG5sJwg2","action":"Normal GetUpdate request", "result":"", "context":cV=aG6RUeGMCTVAH4rG5sJwg2
Nudged types: Sessions, Device Info, History
Refresh requested types: Bookmarks, Preferences, Passwords, Autofill Profiles, Autofill, Extensions, Sessions, Extension settings, History Delete Directives, Device Info, User Consents, Send Tab To Self, Web Apps, History, Saved Tab Group, WebAuthn Credentials, Edge E Drop, Edge Hub App Usage, Edge Workspace, Encryption Keys}
{"logTime": "0817/133538", "correlationVector":"aG6RUeGMCTVAH4rG5sJwg2.1","action":"SyncServerConnectionManagerRequest", "result":"SYNC_SERVER_OK", "context":{"environment":"Prod_francecentral_prod-s01-062-eur-francecentral", "migrationStage":"NotStarted", "server":"akswtt11700000e"}}
{"logTime": "0817/133538", "correlationVector":"aG6RUeGMCTVAH4rG5sJwg2.2","action":"ProcessGetUpdates", "result":"Done", "context":{"dataType":"Sessions", "deleted":"0", "process_failed_to_decrypt":"0", "process_pending_decryption":"0", "process_success":"3", "total":"3"}}
{"logTime": "0817/133538", "correlationVector":"aG6RUeGMCTVAH4rG5sJwg2.3","action":"ProcessGetUpdates", "result":"Done", "context":{"dataType":"History", "deleted":"0", "process_failed_to_decrypt":"0", "process_pending_decryption":"0", "process_success":"8", "total":"8"}}
{"logTime": "0817/133538", "correlationVector":"aG6RUeGMCTVAH4rG5sJwg2.4","action":"GetUpdates Response", "result":"Success", "context":Received 11 update(s). cV=aG6RUeGMCTVAH4rG5sJwg2.0;server=akswtt11700000e;cloudType=Multitenant;environment=Prod_francecentral_prod-s01-062-eur-francecentral;migrationStage=NotStarted}
{"logTime": "0817/133538", "correlationVector":"N6sWPJaZC3cvjFH+dErqaI","action":"Commit Request", "result":"", "context":Item count: 5
Contributing types: Sessions, Device Info, History}
{"logTime": "0817/133538", "correlationVector":"N6sWPJaZC3cvjFH+dErqaI.1","action":"SyncServerConnectionManagerRequest", "result":"SYNC_SERVER_OK", "context":{"environment":"Prod_germanywestcentral_prod-s01-010-eur-germanywestcentral", "migrationStage":"NotStarted", "server":"akswtt004000003"}}
{"logTime": "0817/133538", "correlationVector":"N6sWPJaZC3cvjFH+dErqaI.2","action":"Commit Response", "result":"Success", "context":Result: Success. cV=N6sWPJaZC3cvjFH+dErqaI.0;server=akswtt004000003;cloudType=Multitenant;environment=Prod_germanywestcentral_prod-s01-010-eur-germanywestcentral;migrationStage=NotStarted}
{"logTime": "0817/133555", "correlationVector":"l9iS0FqZyEqLfTDQ5FbALE","action":"Commit Request", "result":"", "context":Item count: 1
Contributing types: Device Info}
{"logTime": "0817/133556", "correlationVector":"l9iS0FqZyEqLfTDQ5FbALE.1","action":"SyncServerConnectionManagerRequest", "result":"SYNC_SERVER_OK", "context":{"environment":"Prod_westeurope_prod-s01-079-eur-westeurope", "migrationStage":"NotStarted", "server":"akswtt00400001r"}}
{"logTime": "0817/133556", "correlationVector":"l9iS0FqZyEqLfTDQ5FbALE.2","action":"Commit Response", "result":"Success", "context":Result: Success. cV=l9iS0FqZyEqLfTDQ5FbALE.0;server=akswtt00400001r;cloudType=Multitenant;environment=Prod_westeurope_prod-s01-079-eur-westeurope;migrationStage=NotStarted}
{"logTime": "0817/133647", "correlationVector":"cjNGgEutPnUyjRfDox6ITN","action":"Commit Request", "result":"", "context":Item count: 4
Contributing types: Preferences, Sessions, History}
{"logTime": "0817/133648", "correlationVector":"cjNGgEutPnUyjRfDox6ITN.1","action":"SyncServerConnectionManagerRequest", "result":"SYNC_SERVER_OK", "context":{"environment":"Prod_westeurope_prod-s01-079-eur-westeurope", "migrationStage":"NotStarted", "server":"akswtt004000005"}}
{"logTime": "0817/133648", "correlationVector":"cjNGgEutPnUyjRfDox6ITN.2","action":"Commit Response", "result":"Success", "context":Result: Success. cV=cjNGgEutPnUyjRfDox6ITN.0;server=akswtt004000005;cloudType=Multitenant;environment=Prod_westeurope_prod-s01-079-eur-westeurope;migrationStage=NotStarted}
{"logTime": "0817/134811", "correlationVector":"w2wKx878ceZ47eyB+2tnwv.1","action":"SyncServerConnectionManagerRequest", "result":"SYNC_SERVER_OK", "context":{"environment":"Prod_francecentral_prod-s01-062-eur-francecentral", "migrationStage":"NotStarted", "server":"akswtt11700000r"}}
{"logTime": "0817/134812", "correlationVector":"w2wKx878ceZ47eyB+2tnwv.2","action":"AAD.Mip.Unpack", "result":"Success", "context":MIP_CLOUD_COMMERCIAL:Success}
{"logTime": "0817/134812", "correlationVector":"w2wKx878ceZ47eyB+2tnwv.3","action":"EncryptionKeysManager::SetEncryptionKeys:", "result":"Success", "context":Key names[4]:[6+KO6TRsBFuPX/BaTw7+C5YAH30GjPflUgbcObwqQlGUeieNuQFVp87cwtpYIqtCUr9zIrFwrYz+adGgnrUqkg==][BnXUbsrewmgPz/ycezybCCjW8hVi+UFYBKtxLh3cbMa+oTV5TbnMnzlYYsw5rq2p79BPUxyAxPhszeI2+20s4Q==][i5/ajNRNXevvD38PBiaQ4l+xQesznFg1ZRyjTAWkKRRZwtya1gOngtvrxbIPw7x65760QIsnea5V4x7qlC5oqA==][PYhbGnOmIV2GvY4plopmUOZNthjt5qRx01YQWwcHHoVOwIts86jY7fNgvUj2ST7tKn23k5iYAZ3Dhhq9K3mpOw==]}
{"logTime": "0817/134812", "correlationVector":"w2wKx878ceZ47eyB+2tnwv.4","action":"AAD.GetKeyResponse", "result":"Success", "context":Keys=4.LastKeyStatus=Active. 2026-06-17 21:40:00 +01.State=None. Tags: Current_encryption_keys_tag = 77+9C1nvv73vv71+77+9Ue+/vWTvv73vv73vv71X77+977+977+977+977+9Te+/vXVg77+9QO+/ve+/vRrvv73vv71D77+9, Updated_current_encryption_keys_tag = Empty. Emails: ["ense1097977@tarbia.tn"]}
{"logTime": "0817/134812", "correlationVector":"w2wKx878ceZ47eyB+2tnwv.5","action":"ProcessGetUpdates", "result":"Done", "context":{"dataType":"Encryption Keys", "deleted":"0", "process_failed_to_decrypt":"0", "process_pending_decryption":"0", "process_success":"1", "total":"1"}}
{"logTime": "0817/134812", "correlationVector":"w2wKx878ceZ47eyB+2tnwv","action":"Initial GetUpdates", "result":"", "context":Reason: NEW_CLIENT. cV=w2wKx878ceZ47eyB+2tnwv}
{"logTime": "0817/134812", "correlationVector":"w2wKx878ceZ47eyB+2tnwv.6","action":"GetUpdates Response", "result":"Success", "context":Received 1 update(s). cV=w2wKx878ceZ47eyB+2tnwv.0;server=akswtt11700000r;cloudType=Multitenant;environment=Prod_francecentral_prod-s01-062-eur-francecentral;migrationStage=NotStarted}
{"logTime": "0817/134812", "correlationVector":"KdxgNFjHLiP/s6ZF725aUa","action":"Initial GetUpdates", "result":"", "context":Reason: NEWLY_SUPPORTED_DATATYPE. cV=KdxgNFjHLiP/s6ZF725aUa}
{"logTime": "0817/134813", "correlationVector":"KdxgNFjHLiP/s6ZF725aUa.1","action":"SyncServerConnectionManagerRequest", "result":"SYNC_SERVER_OK", "context":{"environment":"Prod_francecentral_prod-s01-062-eur-francecentral", "migrationStage":"NotStarted", "server":"akswtt11700000f"}}
{"logTime": "0817/134813", "correlationVector":"KdxgNFjHLiP/s6ZF725aUa.2","action":"ProcessGetUpdates", "result":"Done", "context":{"dataType":"Passwords", "deleted":"32", "process_failed_to_decrypt":"0", "process_pending_decryption":"0", "process_success":"203", "total":"203"}}
{"logTime": "0817/134813", "correlationVector":"KdxgNFjHLiP/s6ZF725aUa.3","action":"ProcessGetUpdates", "result":"Done", "context":{"dataType":"Device Info", "deleted":"0", "process_failed_to_decrypt":"0", "process_pending_decryption":"0", "process_success":"47", "total":"47"}}
{"logTime": "0817/134813", "correlationVector":"KdxgNFjHLiP/s6ZF725aUa.4","action":"GetUpdates Response", "result":"Success", "context":Received 250 update(s). cV=KdxgNFjHLiP/s6ZF725aUa.0;server=akswtt11700000f;cloudType=Multitenant;environment=Prod_francecentral_prod-s01-062-eur-francecentral;migrationStage=NotStarted Some updates remain.}
{"logTime": "0817/134813", "correlationVector":"+IAz/KIqvUMjiXjt6ZgLet","action":"Initial GetUpdates", "result":"", "context":Reason: NEWLY_SUPPORTED_DATATYPE. cV=+IAz/KIqvUMjiXjt6ZgLet}
{"logTime": "0817/134813", "correlationVector":"+IAz/KIqvUMjiXjt6ZgLet.1","action":"SyncServerConnectionManagerRequest", "result":"SYNC_SERVER_OK", "context":{"environment":"Prod_francecentral_prod-s01-062-eur-francecentral", "migrationStage":"NotStarted", "server":"akswtt11700002i"}}
{"logTime": "0817/134813", "correlationVector":"+IAz/KIqvUMjiXjt6ZgLet.2","action":"ProcessGetUpdates", "result":"Done", "context":{"dataType":"Passwords", "deleted":"0", "process_failed_to_decrypt":"0", "process_pending_decryption":"0", "process_success":"249", "total":"249"}}
{"logTime": "0817/134813", "correlationVector":"+IAz/KIqvUMjiXjt6ZgLet.3","action":"ProcessGetUpdates", "result":"Done", "context":{"dataType":"Device Info", "deleted":"0", "process_failed_to_decrypt":"0", "process_pending_decryption":"0", "process_success":"1", "total":"1"}}
{"logTime": "0817/134813", "correlationVector":"+IAz/KIqvUMjiXjt6ZgLet.4","action":"GetUpdates Response", "result":"Success", "context":Received 250 update(s). cV=+IAz/KIqvUMjiXjt6ZgLet.0;server=akswtt11700002i;cloudType=Multitenant;environment=Prod_francecentral_prod-s01-062-eur-francecentral;migrationStage=NotStarted Some updates remain.}
{"logTime": "0817/134813", "correlationVector":"Achl8WdtNj1qIDKMTKFixu","action":"Initial GetUpdates", "result":"", "context":Reason: NEWLY_SUPPORTED_DATATYPE. cV=Achl8WdtNj1qIDKMTKFixu}
{"logTime": "0817/134814", "correlationVector":"Achl8WdtNj1qIDKMTKFixu.1","action":"SyncServerConnectionManagerRequest", "result":"SYNC_SERVER_OK", "context":{"environment":"Prod_westeurope_prod-s01-080-eur-westeurope", "migrationStage":"NotStarted", "server":"akswtt004000017"}}
{"logTime": "0817/134814", "correlationVector":"Achl8WdtNj1qIDKMTKFixu.2","action":"ProcessGetUpdates", "result":"Done", "context":{"dataType":"Passwords", "deleted":"0", "process_failed_to_decrypt":"0", "process_pending_decryption":"0", "process_success":"2", "total":"2"}}
{"logTime": "0817/134814", "correlationVector":"Achl8WdtNj1qIDKMTKFixu.3","action":"ProcessGetUpdates", "result":"Done", "context":{"dataType":"Device Info", "deleted":"0", "process_failed_to_decrypt":"0", "process_pending_decryption":"0", "process_success":"2", "total":"2"}}
{"logTime": "0817/134814", "correlationVector":"Achl8WdtNj1qIDKMTKFixu.4","action":"GetUpdates Response", "result":"Success", "context":Received 4 update(s). cV=Achl8WdtNj1qIDKMTKFixu.0;server=akswtt004000017;cloudType=Multitenant;environment=Prod_westeurope_prod-s01-080-eur-westeurope;migrationStage=NotStarted}
{"logTime": "0817/134814", "correlationVector":"C6BEWYeGfw5lT02nxfRtpB","action":"Initial GetUpdates", "result":"", "context":Reason: NEWLY_SUPPORTED_DATATYPE. cV=C6BEWYeGfw5lT02nxfRtpB}
{"logTime": "0817/134814", "correlationVector":"C6BEWYeGfw5lT02nxfRtpB.1","action":"SyncServerConnectionManagerRequest", "result":"SYNC_SERVER_OK", "context":{"environment":"Prod_westeurope_prod-s01-079-eur-westeurope", "migrationStage":"NotStarted", "server":"akswtt004000011"}}
{"logTime": "0817/134814", "correlationVector":"C6BEWYeGfw5lT02nxfRtpB.2","action":"ProcessGetUpdates", "result":"Done", "context":{"dataType":"Bookmarks", "deleted":"0", "process_failed_to_decrypt":"0", "process_pending_decryption":"0", "process_success":"6", "total":"6"}}
{"logTime": "0817/134814", "correlationVector":"C6BEWYeGfw5lT02nxfRtpB.3","action":"ProcessGetUpdates", "result":"Done", "context":{"dataType":"Preferences", "deleted":"4", "process_failed_to_decrypt":"0", "process_pending_decryption":"0", "process_success":"4", "total":"4"}}
{"logTime": "0817/134814", "correlationVector":"C6BEWYeGfw5lT02nxfRtpB.4","action":"ProcessGetUpdates", "result":"Done", "context":{"dataType":"Autofill Profiles", "deleted":"9", "process_failed_to_decrypt":"0", "process_pending_decryption":"0", "process_success":"9", "total":"9"}}
{"logTime": "0817/134814", "correlationVector":"C6BEWYeGfw5lT02nxfRtpB.5","action":"ProcessGetUpdates", "result":"Done", "context":{"dataType":"Autofill", "deleted":"0", "process_failed_to_decrypt":"0", "process_pending_decryption":"0", "process_success":"1", "total":"1"}}
{"logTime": "0817/134814", "correlationVector":"C6BEWYeGfw5lT02nxfRtpB.6","action":"ProcessGetUpdates", "result":"Done", "context":{"dataType":"Sessions", "deleted":"216", "process_failed_to_decrypt":"0", "process_pending_decryption":"0", "process_success":"216", "total":"216"}}
{"logTime": "0817/134814", "correlationVector":"C6BEWYeGfw5lT02nxfRtpB.7","action":"ProcessGetUpdates", "result":"Done", "context":{"dataType":"Saved Tab Group", "deleted":"6", "process_failed_to_decrypt":"0", "process_pending_decryption":"0", "process_success":"6", "total":"6"}}
{"logTime": "0817/134814", "correlationVector":"C6BEWYeGfw5lT02nxfRtpB.8","action":"ProcessGetUpdates", "result":"Done", "context":{"dataType":"Edge Hub App Usage", "deleted":"3", "process_failed_to_decrypt":"0", "process_pending_decryption":"0", "process_success":"8", "total":"8"}}
{"logTime": "0817/134814", "correlationVector":"C6BEWYeGfw5lT02nxfRtpB.9","action":"GetUpdates Response", "result":"Success", "context":Received 250 update(s). cV=C6BEWYeGfw5lT02nxfRtpB.0;server=akswtt004000011;cloudType=Multitenant;environment=Prod_westeurope_prod-s01-079-eur-westeurope;migrationStage=NotStarted Some updates remain.}
{"logTime": "0817/134814", "correlationVector":"aLb+2ES1TRrr5lBcdLwVsH","action":"Initial GetUpdates", "result":"", "context":Reason: NEWLY_SUPPORTED_DATATYPE. cV=aLb+2ES1TRrr5lBcdLwVsH}
{"logTime": "0817/134815", "correlationVector":"aLb+2ES1TRrr5lBcdLwVsH.1","action":"SyncServerConnectionManagerRequest", "result":"SYNC_SERVER_OK", "context":{"environment":"Prod_francecentral_prod-s01-062-eur-francecentral", "migrationStage":"NotStarted", "server":"akswtt117000031"}}
{"logTime": "0817/134815", "correlationVector":"aLb+2ES1TRrr5lBcdLwVsH.2","action":"ProcessGetUpdates", "result":"Done", "context":{"dataType":"Sessions", "deleted":"247", "process_failed_to_decrypt":"0", "process_pending_decryption":"0", "process_success":"247", "total":"247"}}
{"logTime": "0817/134815", "correlationVector":"aLb+2ES1TRrr5lBcdLwVsH.3","action":"ProcessGetUpdates", "result":"Done", "context":{"dataType":"Edge Hub App Usage", "deleted":"3", "process_failed_to_decrypt":"0", "process_pending_decryption":"0", "process_success":"3", "total":"3"}}
{"logTime": "0817/134815", "correlationVector":"aLb+2ES1TRrr5lBcdLwVsH.4","action":"GetUpdates Response", "result":"Success", "context":Received 250 update(s). cV=aLb+2ES1TRrr5lBcdLwVsH.0;server=akswtt117000031;cloudType=Multitenant;environment=Prod_francecentral_prod-s01-062-eur-francecentral;migrationStage=NotStarted Some updates remain.}
{"logTime": "0817/134815", "correlationVector":"uwWQhkWpW78inZx0m3Ennu","action":"Initial GetUpdates", "result":"", "context":Reason: NEWLY_SUPPORTED_DATATYPE. cV=uwWQhkWpW78inZx0m3Ennu}
{"logTime": "0817/134815", "correlationVector":"uwWQhkWpW78inZx0m3Ennu.1","action":"SyncServerConnectionManagerRequest", "result":"SYNC_SERVER_OK", "context":{"environment":"Prod_francecentral_prod-s01-062-eur-francecentral", "migrationStage":"NotStarted", "server":"akswtt11700002i"}}
{"logTime": "0817/134815", "correlationVector":"uwWQhkWpW78inZx0m3Ennu.2","action":"ProcessGetUpdates", "result":"Done", "context":{"dataType":"Bookmarks", "deleted":"0", "process_failed_to_decrypt":"0", "process_pending_decryption":"0", "process_success":"43", "total":"43"}}
{"logTime": "0817/134815", "correlationVector":"uwWQhkWpW78inZx0m3Ennu.3","action":"ProcessGetUpdates", "result":"Done", "context":{"dataType":"Preferences", "deleted":"0", "process_failed_to_decrypt":"0", "process_pending_decryption":"0", "process_success":"83", "total":"83"}}
{"logTime": "0817/134815", "correlationVector":"uwWQhkWpW78inZx0m3Ennu.4","action":"ProcessGetUpdates", "result":"Done", "context":{"dataType":"Sessions", "deleted":"124", "process_failed_to_decrypt":"0", "process_pending_decryption":"0", "process_success":"124", "total":"124"}}
{"logTime": "0817/134815", "correlationVector":"uwWQhkWpW78inZx0m3Ennu.5","action":"GetUpdates Response", "result":"Success", "context":Received 250 update(s). cV=uwWQhkWpW78inZx0m3Ennu.0;server=akswtt11700002i;cloudType=Multitenant;environment=Prod_francecentral_prod-s01-062-eur-francecentral;migrationStage=NotStarted Some updates remain.}
{"logTime": "0817/134815", "correlationVector":"wd+9KUB4/93vBeRvqihBEb","action":"Initial GetUpdates", "result":"", "context":Reason: NEWLY_SUPPORTED_DATATYPE. cV=wd+9KUB4/93vBeRvqihBEb}
{"logTime": "0817/134815", "correlationVector":"wd+9KUB4/93vBeRvqihBEb.1","action":"SyncServerConnectionManagerRequest", "result":"SYNC_SERVER_OK", "context":{"environment":"Prod_francecentral_prod-s01-062-eur-francecentral", "migrationStage":"NotStarted", "server":"akswtt117000030"}}
{"logTime": "0817/134815", "correlationVector":"wd+9KUB4/93vBeRvqihBEb.2","action":"ProcessGetUpdates", "result":"Done", "context":{"dataType":"Preferences", "deleted":"0", "process_failed_to_decrypt":"0", "process_pending_decryption":"0", "process_success":"4", "total":"4"}}
{"logTime": "0817/134815", "correlationVector":"wd+9KUB4/93vBeRvqihBEb.3","action":"ProcessGetUpdates", "result":"Done", "context":{"dataType":"Autofill Profiles", "deleted":"0", "process_failed_to_decrypt":"0", "process_pending_decryption":"0", "process_success":"33", "total":"33"}}
{"logTime": "0817/134815", "correlationVector":"wd+9KUB4/93vBeRvqihBEb.4","action":"ProcessGetUpdates", "result":"Done", "context":{"dataType":"Autofill", "deleted":"0", "process_failed_to_decrypt":"0", "process_pending_decryption":"0", "process_success":"213", "total":"213"}}
{"logTime": "0817/134815", "correlationVector":"wd+9KUB4/93vBeRvqihBEb.5","action":"GetUpdates Response", "result":"Success", "context":Received 250 update(s). cV=wd+9KUB4/93vBeRvqihBEb.0;server=akswtt117000030;cloudType=Multitenant;environment=Prod_francecentral_prod-s01-062-eur-francecentral;migrationStage=NotStarted Some updates remain.}
{"logTime": "0817/134815", "correlationVector":"uqql6QTsJzMudyr4rQP7nV","action":"Initial GetUpdates", "result":"", "context":Reason: NEWLY_SUPPORTED_DATATYPE. cV=uqql6QTsJzMudyr4rQP7nV}
{"logTime": "0817/134816", "correlationVector":"uqql6QTsJzMudyr4rQP7nV.1","action":"SyncServerConnectionManagerRequest", "result":"SYNC_SERVER_OK", "context":{"environment":"Prod_francecentral_prod-s01-062-eur-francecentral", "migrationStage":"NotStarted", "server":"akswtt11700000h"}}
{"logTime": "0817/134816", "correlationVector":"uqql6QTsJzMudyr4rQP7nV.2","action":"ProcessGetUpdates", "result":"Done", "context":{"dataType":"Autofill", "deleted":"0", "process_failed_to_decrypt":"0", "process_pending_decryption":"0", "process_success":"250", "total":"250"}}
{"logTime": "0817/134816", "correlationVector":"uqql6QTsJzMudyr4rQP7nV.3","action":"GetUpdates Response", "result":"Success", "context":Received 250 update(s). cV=uqql6QTsJzMudyr4rQP7nV.0;server=akswtt11700000h;cloudType=Multitenant;environment=Prod_francecentral_prod-s01-062-eur-francecentral;migrationStage=NotStarted Some updates remain.}
{"logTime": "0817/134816", "correlationVector":"ppfH+2l2eXsSJOqk0QJ6ef","action":"Initial GetUpdates", "result":"", "context":Reason: NEWLY_SUPPORTED_DATATYPE. cV=ppfH+2l2eXsSJOqk0QJ6ef}
{"logTime": "0817/134816", "correlationVector":"ppfH+2l2eXsSJOqk0QJ6ef.1","action":"SyncServerConnectionManagerRequest", "result":"SYNC_SERVER_OK", "context":{"environment":"Prod_francecentral_prod-s01-062-eur-francecentral", "migrationStage":"NotStarted", "server":"akswtt11700000y"}}
{"logTime": "0817/134816", "correlationVector":"ppfH+2l2eXsSJOqk0QJ6ef.2","action":"ProcessGetUpdates", "result":"Done", "context":{"dataType":"Autofill", "deleted":"0", "process_failed_to_decrypt":"0", "process_pending_decryption":"0", "process_success":"250", "total":"250"}}
{"logTime": "0817/134816", "correlationVector":"ppfH+2l2eXsSJOqk0QJ6ef.3","action":"GetUpdates Response", "result":"Success", "context":Received 250 update(s). cV=ppfH+2l2eXsSJOqk0QJ6ef.0;server=akswtt11700000y;cloudType=Multitenant;environment=Prod_francecentral_prod-s01-062-eur-francecentral;migrationStage=NotStarted Some updates remain.}
{"logTime": "0817/134816", "correlationVector":"mqo0XKz1QGFqkWYWqCUmAI","action":"Initial GetUpdates", "result":"", "context":Reason: NEWLY_SUPPORTED_DATATYPE. cV=mqo0XKz1QGFqkWYWqCUmAI}
{"logTime": "0817/134816", "correlationVector":"mqo0XKz1QGFqkWYWqCUmAI.1","action":"SyncServerConnectionManagerRequest", "result":"SYNC_SERVER_OK", "context":{"environment":"Prod_francecentral_prod-s01-062-eur-francecentral", "migrationStage":"NotStarted", "server":"akswtt117000016"}}
{"logTime": "0817/134816", "correlationVector":"mqo0XKz1QGFqkWYWqCUmAI.2","action":"ProcessGetUpdates", "result":"Done", "context":{"dataType":"Autofill", "deleted":"0", "process_failed_to_decrypt":"0", "process_pending_decryption":"0", "process_success":"250", "total":"250"}}
{"logTime": "0817/134816", "correlationVector":"mqo0XKz1QGFqkWYWqCUmAI.3","action":"GetUpdates Response", "result":"Success", "context":Received 250 update(s). cV=mqo0XKz1QGFqkWYWqCUmAI.0;server=akswtt117000016;cloudType=Multitenant;environment=Prod_francecentral_prod-s01-062-eur-francecentral;migrationStage=NotStarted Some updates remain.}
{"logTime": "0817/134816", "correlationVector":"IOVt2Q6V77h2wprFCcd71G","action":"Initial GetUpdates", "result":"", "context":Reason: NEWLY_SUPPORTED_DATATYPE. cV=IOVt2Q6V77h2wprFCcd71G}
{"logTime": "0817/134817", "correlationVector":"IOVt2Q6V77h2wprFCcd71G.1","action":"SyncServerConnectionManagerRequest", "result":"SYNC_SERVER_OK", "context":{"environment":"Prod_francecentral_prod-s01-062-eur-francecentral", "migrationStage":"NotStarted", "server":"akswtt11700000o"}}
{"logTime": "0817/134817", "correlationVector":"IOVt2Q6V77h2wprFCcd71G.2","action":"ProcessGetUpdates", "result":"Done", "context":{"dataType":"Autofill", "deleted":"0", "process_failed_to_decrypt":"0", "process_pending_decryption":"0", "process_success":"250", "total":"250"}}
{"logTime": "0817/134817", "correlationVector":"IOVt2Q6V77h2wprFCcd71G.3","action":"GetUpdates Response", "result":"Success", "context":Received 250 update(s). cV=IOVt2Q6V77h2wprFCcd71G.0;server=akswtt11700000o;cloudType=Multitenant;environment=Prod_francecentral_prod-s01-062-eur-francecentral;migrationStage=NotStarted Some updates remain.}
{"logTime": "0817/134817", "correlationVector":"RNN5WFTp3OV+Ng4gdPPRRz","action":"Initial GetUpdates", "result":"", "context":Reason: NEWLY_SUPPORTED_DATATYPE. cV=RNN5WFTp3OV+Ng4gdPPRRz}
{"logTime": "0817/134817", "correlationVector":"RNN5WFTp3OV+Ng4gdPPRRz.1","action":"SyncServerConnectionManagerRequest", "result":"SYNC_SERVER_OK", "context":{"environment":"Prod_francecentral_prod-s01-062-eur-francecentral", "migrationStage":"NotStarted", "server":"akswtt117000015"}}
{"logTime": "0817/134817", "correlationVector":"RNN5WFTp3OV+Ng4gdPPRRz.2","action":"ProcessGetUpdates", "result":"Done", "context":{"dataType":"Autofill", "deleted":"0", "process_failed_to_decrypt":"0", "process_pending_decryption":"0", "process_success":"79", "total":"79"}}
{"logTime": "0817/134817", "correlationVector":"RNN5WFTp3OV+Ng4gdPPRRz.3","action":"ProcessGetUpdates", "result":"Done", "context":{"dataType":"Extensions", "deleted":"2", "process_failed_to_decrypt":"0", "process_pending_decryption":"0", "process_success":"11", "total":"11"}}
{"logTime": "0817/134817", "correlationVector":"RNN5WFTp3OV+Ng4gdPPRRz.4","action":"ProcessGetUpdates", "result":"Done", "context":{"dataType":"Sessions", "deleted":"152", "process_failed_to_decrypt":"0", "process_pending_decryption":"0", "process_success":"152", "total":"152"}}
{"logTime": "0817/134817", "correlationVector":"RNN5WFTp3OV+Ng4gdPPRRz.5","action":"ProcessGetUpdates", "result":"Done", "context":{"dataType":"Web Apps", "deleted":"0", "process_failed_to_decrypt":"0", "process_pending_decryption":"0", "process_success":"1", "total":"1"}}
{"logTime": "0817/134817", "correlationVector":"RNN5WFTp3OV+Ng4gdPPRRz.6","action":"ProcessGetUpdates", "result":"Done", "context":{"dataType":"Edge Hub App Usage", "deleted":"7", "process_failed_to_decrypt":"0", "process_pending_decryption":"0", "process_success":"7", "total":"7"}}
{"logTime": "0817/134817", "correlationVector":"RNN5WFTp3OV+Ng4gdPPRRz.7","action":"GetUpdates Response", "result":"Success", "context":Received 250 update(s). cV=RNN5WFTp3OV+Ng4gdPPRRz.0;server=akswtt117000015;cloudType=Multitenant;environment=Prod_francecentral_prod-s01-062-eur-francecentral;migrationStage=NotStarted Some updates remain.}
{"logTime": "0817/134817", "correlationVector":"KtzDSmHIZbFvTPkulcJVAs","action":"Initial GetUpdates", "result":"", "context":Reason: NEWLY_SUPPORTED_DATATYPE. cV=KtzDSmHIZbFvTPkulcJVAs}
{"logTime": "0817/134817", "correlationVector":"KtzDSmHIZbFvTPkulcJVAs.1","action":"SyncServerConnectionManagerRequest", "result":"SYNC_SERVER_OK", "context":{"environment":"Prod_francecentral_prod-s01-062-eur-francecentral", "migrationStage":"NotStarted", "server":"akswtt11700000h"}}
{"logTime": "0817/134817", "correlationVector":"KtzDSmHIZbFvTPkulcJVAs.2","action":"ProcessGetUpdates", "result":"Done", "context":{"dataType":"Bookmarks", "deleted":"0", "process_failed_to_decrypt":"0", "process_pending_decryption":"0", "process_success":"1", "total":"1"}}
{"logTime": "0817/134817", "correlationVector":"KtzDSmHIZbFvTPkulcJVAs.3","action":"ProcessGetUpdates", "result":"Done", "context":{"dataType":"Preferences", "deleted":"0", "process_failed_to_decrypt":"0", "process_pending_decryption":"0", "process_success":"1", "total":"1"}}
{"logTime": "0817/134817", "correlationVector":"KtzDSmHIZbFvTPkulcJVAs.4","action":"ProcessGetUpdates", "result":"Done", "context":{"dataType":"Autofill Profiles", "deleted":"1", "process_failed_to_decrypt":"0", "process_pending_decryption":"0", "process_success":"2", "total":"2"}}
{"logTime": "0817/134817", "correlationVector":"KtzDSmHIZbFvTPkulcJVAs.5","action":"ProcessGetUpdates", "result":"Done", "context":{"dataType":"Autofill", "deleted":"0", "process_failed_to_decrypt":"0", "process_pending_decryption":"0", "process_success":"14", "total":"14"}}
{"logTime": "0817/134817", "correlationVector":"KtzDSmHIZbFvTPkulcJVAs.6","action":"ProcessGetUpdates", "result":"Done", "context":{"dataType":"Sessions", "deleted":"227", "process_failed_to_decrypt":"0", "process_pending_decryption":"0", "process_success":"227", "total":"227"}}
{"logTime": "0817/134817", "correlationVector":"KtzDSmHIZbFvTPkulcJVAs.7","action":"ProcessGetUpdates", "result":"Done", "context":{"dataType":"Edge Hub App Usage", "deleted":"4", "process_failed_to_decrypt":"0", "process_pending_decryption":"0", "process_success":"5", "total":"5"}}
{"logTime": "0817/134817", "correlationVector":"KtzDSmHIZbFvTPkulcJVAs.8","action":"GetUpdates Response", "result":"Success", "context":Received 250 update(s). cV=KtzDSmHIZbFvTPkulcJVAs.0;server=akswtt11700000h;cloudType=Multitenant;environment=Prod_francecentral_prod-s01-062-eur-francecentral;migrationStage=NotStarted Some updates remain.}
{"logTime": "0817/134817", "correlationVector":"Zdj+yhUyHgnT82XtDIyUxB","action":"Initial GetUpdates", "result":"", "context":Reason: NEWLY_SUPPORTED_DATATYPE. cV=Zdj+yhUyHgnT82XtDIyUxB}
{"logTime": "0817/134818", "correlationVector":"Zdj+yhUyHgnT82XtDIyUxB.1","action":"SyncServerConnectionManagerRequest", "result":"SYNC_SERVER_OK", "context":{"environment":"Prod_francecentral_prod-s01-062-eur-francecentral", "migrationStage":"NotStarted", "server":"akswtt11700000m"}}
{"logTime": "0817/134818", "correlationVector":"Zdj+yhUyHgnT82XtDIyUxB.2","action":"ProcessGetUpdates", "result":"Done", "context":{"dataType":"Preferences", "deleted":"0", "process_failed_to_decrypt":"0", "process_pending_decryption":"0", "process_success":"1", "total":"1"}}
{"logTime": "0817/134818", "correlationVector":"Zdj+yhUyHgnT82XtDIyUxB.3","action":"ProcessGetUpdates", "result":"Done", "context":{"dataType":"Autofill Profiles", "deleted":"0", "process_failed_to_decrypt":"0", "process_pending_decryption":"0", "process_success":"1", "total":"1"}}
{"logTime": "0817/134818", "correlationVector":"Zdj+yhUyHgnT82XtDIyUxB.4","action":"ProcessGetUpdates", "result":"Done", "context":{"dataType":"Autofill", "deleted":"0", "process_failed_to_decrypt":"0", "process_pending_decryption":"0", "process_success":"10", "total":"10"}}
{"logTime": "0817/134818", "correlationVector":"Zdj+yhUyHgnT82XtDIyUxB.5","action":"ProcessGetUpdates", "result":"Done", "context":{"dataType":"Sessions", "deleted":"235", "process_failed_to_decrypt":"0", "process_pending_decryption":"0", "process_success":"235", "total":"235"}}
{"logTime": "0817/134818", "correlationVector":"Zdj+yhUyHgnT82XtDIyUxB.6","action":"ProcessGetUpdates", "result":"Done", "context":{"dataType":"Edge Hub App Usage", "deleted":"3", "process_failed_to_decrypt":"0", "process_pending_decryption":"0", "process_success":"3", "total":"3"}}
{"logTime": "0817/134818", "correlationVector":"Zdj+yhUyHgnT82XtDIyUxB.7","action":"GetUpdates Response", "result":"Success", "context":Received 250 update(s). cV=Zdj+yhUyHgnT82XtDIyUxB.0;server=akswtt11700000m;cloudType=Multitenant;environment=Prod_francecentral_prod-s01-062-eur-francecentral;migrationStage=NotStarted Some updates remain.}
{"logTime": "0817/134818", "correlationVector":"WYWDoV6UNnrShwG4aPTv8m","action":"Initial GetUpdates", "result":"", "context":Reason: NEWLY_SUPPORTED_DATATYPE. cV=WYWDoV6UNnrShwG4aPTv8m}
{"logTime": "0817/134818", "correlationVector":"WYWDoV6UNnrShwG4aPTv8m.1","action":"SyncServerConnectionManagerRequest", "result":"SYNC_SERVER_OK", "context":{"environment":"Prod_westeurope_prod-s01-079-eur-westeurope", "migrationStage":"NotStarted", "server":"akswtt00400000i"}}
{"logTime": "0817/134818", "correlationVector":"WYWDoV6UNnrShwG4aPTv8m.2","action":"ProcessGetUpdates", "result":"Done", "context":{"dataType":"Bookmarks", "deleted":"0", "process_failed_to_decrypt":"0", "process_pending_decryption":"0", "process_success":"1", "total":"1"}}
{"logTime": "0817/134818", "correlationVector":"WYWDoV6UNnrShwG4aPTv8m.3","action":"ProcessGetUpdates", "result":"Done", "context":{"dataType":"Autofill Profiles", "deleted":"0", "process_failed_to_decrypt":"0", "process_pending_decryption":"0", "process_success":"1", "total":"1"}}
{"logTime": "0817/134818", "correlationVector":"WYWDoV6UNnrShwG4aPTv8m.4","action":"ProcessGetUpdates", "result":"Done", "context":{"dataType":"Autofill", "deleted":"0", "process_failed_to_decrypt":"0", "process_pending_decryption":"0", "process_success":"34", "total":"34"}}
{"logTime": "0817/134818", "correlationVector":"WYWDoV6UNnrShwG4aPTv8m.5","action":"ProcessGetUpdates", "result":"Done", "context":{"dataType":"Sessions", "deleted":"213", "process_failed_to_decrypt":"0", "process_pending_decryption":"0", "process_success":"213", "total":"213"}}
{"logTime": "0817/134818", "correlationVector":"WYWDoV6UNnrShwG4aPTv8m.6","action":"ProcessGetUpdates", "result":"Done", "context":{"dataType":"Edge Hub App Usage", "deleted":"1", "process_failed_to_decrypt":"0", "process_pending_decryption":"0", "process_success":"1", "total":"1"}}
{"logTime": "0817/134818", "correlationVector":"WYWDoV6UNnrShwG4aPTv8m.7","action":"GetUpdates Response", "result":"Success", "context":Received 250 update(s). cV=WYWDoV6UNnrShwG4aPTv8m.0;server=akswtt00400000i;cloudType=Multitenant;environment=Prod_westeurope_prod-s01-079-eur-westeurope;migrationStage=NotStarted Some updates remain.}
{"logTime": "0817/134818", "correlationVector":"3oebSXgxlq+I6pH+vxPuAB","action":"Initial GetUpdates", "result":"", "context":Reason: NEWLY_SUPPORTED_DATATYPE. cV=3oebSXgxlq+I6pH+vxPuAB}
{"logTime": "0817/134818", "correlationVector":"3oebSXgxlq+I6pH+vxPuAB.1","action":"SyncServerConnectionManagerRequest", "result":"SYNC_SERVER_OK", "context":{"environment":"Prod_francecentral_prod-s01-062-eur-francecentral", "migrationStage":"NotStarted", "server":"akswtt117000015"}}
{"logTime": "0817/134818", "correlationVector":"3oebSXgxlq+I6pH+vxPuAB.2","action":"ProcessGetUpdates", "result":"Done", "context":{"dataType":"Preferences", "deleted":"0", "process_failed_to_decrypt":"0", "process_pending_decryption":"0", "process_success":"6", "total":"6"}}
{"logTime": "0817/134818", "correlationVector":"3oebSXgxlq+I6pH+vxPuAB.3","action":"ProcessGetUpdates", "result":"Done", "context":{"dataType":"Autofill Profiles", "deleted":"0", "process_failed_to_decrypt":"0", "process_pending_decryption":"0", "process_success":"2", "total":"2"}}
{"logTime": "0817/134818", "correlationVector":"3oebSXgxlq+I6pH+vxPuAB.4","action":"ProcessGetUpdates", "result":"Done", "context":{"dataType":"Autofill", "deleted":"0", "process_failed_to_decrypt":"0", "process_pending_decryption":"0", "process_success":"21", "total":"21"}}
{"logTime": "0817/134818", "correlationVector":"3oebSXgxlq+I6pH+vxPuAB.5","action":"ProcessGetUpdates", "result":"Done", "context":{"dataType":"Extensions", "deleted":"0", "process_failed_to_decrypt":"0", "process_pending_decryption":"0", "process_success":"1", "total":"1"}}
{"logTime": "0817/134818", "correlationVector":"3oebSXgxlq+I6pH+vxPuAB.6","action":"ProcessGetUpdates", "result":"Done", "context":{"dataType":"Sessions", "deleted":"211", "process_failed_to_decrypt":"0", "process_pending_decryption":"0", "process_success":"216", "total":"216"}}
{"logTime": "0817/134818", "correlationVector":"3oebSXgxlq+I6pH+vxPuAB.7","action":"ProcessGetUpdates", "result":"Done", "context":{"dataType":"Edge Hub App Usage", "deleted":"3", "process_failed_to_decrypt":"0", "process_pending_decryption":"0", "process_success":"4", "total":"4"}}
{"logTime": "0817/134818", "correlationVector":"3oebSXgxlq+I6pH+vxPuAB.8","action":"GetUpdates Response", "result":"Success", "context":Received 250 update(s). cV=3oebSXgxlq+I6pH+vxPuAB.0;server=akswtt117000015;cloudType=Multitenant;environment=Prod_francecentral_prod-s01-062-eur-francecentral;migrationStage=NotStarted Some updates remain.}
{"logTime": "0817/134818", "correlationVector":"K8/YBRhWY6R6rb955zU8Vl","action":"Initial GetUpdates", "result":"", "context":Reason: NEWLY_SUPPORTED_DATATYPE. cV=K8/YBRhWY6R6rb955zU8Vl}
{"logTime": "0817/134819", "correlationVector":"K8/YBRhWY6R6rb955zU8Vl.1","action":"SyncServerConnectionManagerRequest", "result":"SYNC_SERVER_OK", "context":{"environment":"Prod_francecentral_prod-s01-062-eur-francecentral", "migrationStage":"NotStarted", "server":"akswtt11700000h"}}
{"logTime": "0817/134819", "correlationVector":"K8/YBRhWY6R6rb955zU8Vl.2","action":"ProcessGetUpdates", "result":"Done", "context":{"dataType":"Preferences", "deleted":"0", "process_failed_to_decrypt":"0", "process_pending_decryption":"0", "process_success":"5", "total":"5"}}
{"logTime": "0817/134819", "correlationVector":"K8/YBRhWY6R6rb955zU8Vl.3","action":"ProcessGetUpdates", "result":"Done", "context":{"dataType":"Sessions", "deleted":"12", "process_failed_to_decrypt":"0", "process_pending_decryption":"0", "process_success":"19", "total":"19"}}
{"logTime": "0817/134819", "correlationVector":"K8/YBRhWY6R6rb955zU8Vl.4","action":"GetUpdates Response", "result":"Success", "context":Received 24 update(s). cV=K8/YBRhWY6R6rb955zU8Vl.0;server=akswtt11700000h;cloudType=Multitenant;environment=Prod_francecentral_prod-s01-062-eur-francecentral;migrationStage=NotStarted}
{"logTime": "0817/134819", "correlationVector":"XYSY0H7iW2vAt+gljx7bne","action":"Initial GetUpdates", "result":"", "context":Reason: NEWLY_SUPPORTED_DATATYPE. cV=XYSY0H7iW2vAt+gljx7bne}
{"logTime": "0817/134819", "correlationVector":"XYSY0H7iW2vAt+gljx7bne.1","action":"SyncServerConnectionManagerRequest", "result":"SYNC_SERVER_OK", "context":{"environment":"Prod_francecentral_prod-s01-062-eur-francecentral", "migrationStage":"NotStarted", "server":"akswtt11700000c"}}
{"logTime": "0817/134819", "correlationVector":"XYSY0H7iW2vAt+gljx7bne.2","action":"ProcessGetUpdates", "result":"Done", "context":{"dataType":"History", "deleted":"0", "process_failed_to_decrypt":"0", "process_pending_decryption":"0", "process_success":"250", "total":"250"}}
{"logTime": "0817/134819", "correlationVector":"XYSY0H7iW2vAt+gljx7bne.3","action":"GetUpdates Response", "result":"Success", "context":Received 250 update(s). cV=XYSY0H7iW2vAt+gljx7bne.0;server=akswtt11700000c;cloudType=Multitenant;environment=Prod_francecentral_prod-s01-062-eur-francecentral;migrationStage=NotStarted Some updates remain.}
{"logTime": "0817/134819", "correlationVector":"bkN0JR51zjT+QiJRiVuzD9","action":"Initial GetUpdates", "result":"", "context":Reason: NEWLY_SUPPORTED_DATATYPE. cV=bkN0JR51zjT+QiJRiVuzD9}
{"logTime": "0817/134820", "correlationVector":"bkN0JR51zjT+QiJRiVuzD9.1","action":"SyncServerConnectionManagerRequest", "result":"SYNC_SERVER_OK", "context":{"environment":"Prod_germanywestcentral_prod-s01-010-eur-germanywestcentral", "migrationStage":"NotStarted", "server":"akswtt00400001b"}}
{"logTime": "0817/134820", "correlationVector":"bkN0JR51zjT+QiJRiVuzD9.2","action":"ProcessGetUpdates", "result":"Done", "context":{"dataType":"History", "deleted":"0", "process_failed_to_decrypt":"0", "process_pending_decryption":"0", "process_success":"250", "total":"250"}}
{"logTime": "0817/134820", "correlationVector":"bkN0JR51zjT+QiJRiVuzD9.3","action":"GetUpdates Response", "result":"Success", "context":Received 250 update(s). cV=bkN0JR51zjT+QiJRiVuzD9.0;server=akswtt00400001b;cloudType=Multitenant;environment=Prod_germanywestcentral_prod-s01-010-eur-germanywestcentral;migrationStage=NotStarted Some updates remain.}
{"logTime": "0817/134820", "correlationVector":"x9iODwYTnVsNdv1rOlorJl","action":"Initial GetUpdates", "result":"", "context":Reason: NEWLY_SUPPORTED_DATATYPE. cV=x9iODwYTnVsNdv1rOlorJl}
{"logTime": "0817/134820", "correlationVector":"x9iODwYTnVsNdv1rOlorJl.1","action":"SyncServerConnectionManagerRequest", "result":"SYNC_SERVER_OK", "context":{"environment":"Prod_francecentral_prod-s01-062-eur-francecentral", "migrationStage":"NotStarted", "server":"akswtt117000016"}}
{"logTime": "0817/134820", "correlationVector":"x9iODwYTnVsNdv1rOlorJl.2","action":"ProcessGetUpdates", "result":"Done", "context":{"dataType":"History", "deleted":"0", "process_failed_to_decrypt":"0", "process_pending_decryption":"0", "process_success":"250", "total":"250"}}
{"logTime": "0817/134820", "correlationVector":"x9iODwYTnVsNdv1rOlorJl.3","action":"GetUpdates Response", "result":"Success", "context":Received 250 update(s). cV=x9iODwYTnVsNdv1rOlorJl.0;server=akswtt117000016;cloudType=Multitenant;environment=Prod_francecentral_prod-s01-062-eur-francecentral;migrationStage=NotStarted Some updates remain.}
{"logTime": "0817/134820", "correlationVector":"/NHeTyfzNW1lXrQehCR/xd","action":"Initial GetUpdates", "result":"", "context":Reason: NEWLY_SUPPORTED_DATATYPE. cV=/NHeTyfzNW1lXrQehCR/xd}
{"logTime": "0817/134820", "correlationVector":"/NHeTyfzNW1lXrQehCR/xd.1","action":"SyncServerConnectionManagerRequest", "result":"SYNC_SERVER_OK", "context":{"environment":"Prod_francecentral_prod-s01-062-eur-francecentral", "migrationStage":"NotStarted", "server":"akswtt117000010"}}
{"logTime": "0817/134820", "correlationVector":"/NHeTyfzNW1lXrQehCR/xd.2","action":"ProcessGetUpdates", "result":"Done", "context":{"dataType":"History", "deleted":"0", "process_failed_to_decrypt":"0", "process_pending_decryption":"0", "process_success":"250", "total":"250"}}
{"logTime": "0817/134820", "correlationVector":"/NHeTyfzNW1lXrQehCR/xd.3","action":"GetUpdates Response", "result":"Success", "context":Received 250 update(s). cV=/NHeTyfzNW1lXrQehCR/xd.0;server=akswtt117000010;cloudType=Multitenant;environment=Prod_francecentral_prod-s01-062-eur-francecentral;migrationStage=NotStarted Some updates remain.}
{"logTime": "0817/134820", "correlationVector":"Jqh6CSPAQ9ufh5c+Yb+f4H","action":"Initial GetUpdates", "result":"", "context":Reason: NEWLY_SUPPORTED_DATATYPE. cV=Jqh6CSPAQ9ufh5c+Yb+f4H}
{"logTime": "0817/134821", "correlationVector":"Jqh6CSPAQ9ufh5c+Yb+f4H.1","action":"SyncServerConnectionManagerRequest", "result":"SYNC_SERVER_OK", "context":{"environment":"Prod_francecentral_prod-s01-062-eur-francecentral", "migrationStage":"NotStarted", "server":"akswtt11700000c"}}
{"logTime": "0817/134821", "correlationVector":"Jqh6CSPAQ9ufh5c+Yb+f4H.2","action":"ProcessGetUpdates", "result":"Done", "context":{"dataType":"History", "deleted":"0", "process_failed_to_decrypt":"0", "process_pending_decryption":"0", "process_success":"250", "total":"250"}}
{"logTime": "0817/134821", "correlationVector":"Jqh6CSPAQ9ufh5c+Yb+f4H.3","action":"GetUpdates Response", "result":"Success", "context":Received 250 update(s). cV=Jqh6CSPAQ9ufh5c+Yb+f4H.0;server=akswtt11700000c;cloudType=Multitenant;environment=Prod_francecentral_prod-s01-062-eur-francecentral;migrationStage=NotStarted Some updates remain.}
{"logTime": "0817/134821", "correlationVector":"MlWbyLAeHfVaF9qRhEVcY9","action":"Initial GetUpdates", "result":"", "context":Reason: NEWLY_SUPPORTED_DATATYPE. cV=MlWbyLAeHfVaF9qRhEVcY9}
{"logTime": "0817/134821", "correlationVector":"MlWbyLAeHfVaF9qRhEVcY9.1","action":"SyncServerConnectionManagerRequest", "result":"SYNC_SERVER_OK", "context":{"environment":"Prod_westeurope_prod-s01-079-eur-westeurope", "migrationStage":"NotStarted", "server":"akswtt004000015"}}
{"logTime": "0817/134821", "correlationVector":"MlWbyLAeHfVaF9qRhEVcY9.2","action":"ProcessGetUpdates", "result":"Done", "context":{"dataType":"History", "deleted":"0", "process_failed_to_decrypt":"0", "process_pending_decryption":"0", "process_success":"250", "total":"250"}}
{"logTime": "0817/134821", "correlationVector":"MlWbyLAeHfVaF9qRhEVcY9.3","action":"GetUpdates Response", "result":"Success", "context":Received 250 update(s). cV=MlWbyLAeHfVaF9qRhEVcY9.0;server=akswtt004000015;cloudType=Multitenant;environment=Prod_westeurope_prod-s01-079-eur-westeurope;migrationStage=NotStarted Some updates remain.}
{"logTime": "0817/134821", "correlationVector":"rXW1BeJUP+4BgY1A5ey/ge","action":"Initial GetUpdates", "result":"", "context":Reason: NEWLY_SUPPORTED_DATATYPE. cV=rXW1BeJUP+4BgY1A5ey/ge}
{"logTime": "0817/134822", "correlationVector":"rXW1BeJUP+4BgY1A5ey/ge.1","action":"SyncServerConnectionManagerRequest", "result":"SYNC_SERVER_OK", "context":{"environment":"Prod_francecentral_prod-s01-062-eur-francecentral", "migrationStage":"NotStarted", "server":"akswtt11700000c"}}
{"logTime": "0817/134822", "correlationVector":"rXW1BeJUP+4BgY1A5ey/ge.2","action":"ProcessGetUpdates", "result":"Done", "context":{"dataType":"History", "deleted":"0", "process_failed_to_decrypt":"0", "process_pending_decryption":"0", "process_success":"250", "total":"250"}}
{"logTime": "0817/134822", "correlationVector":"rXW1BeJUP+4BgY1A5ey/ge.3","action":"GetUpdates Response", "result":"Success", "context":Received 250 update(s). cV=rXW1BeJUP+4BgY1A5ey/ge.0;server=akswtt11700000c;cloudType=Multitenant;environment=Prod_francecentral_prod-s01-062-eur-francecentral;migrationStage=NotStarted Some updates remain.}
{"logTime": "0817/134822", "correlationVector":"J59A83iGUaPtKVAuVR1Op5","action":"Initial GetUpdates", "result":"", "context":Reason: NEWLY_SUPPORTED_DATATYPE. cV=J59A83iGUaPtKVAuVR1Op5}
{"logTime": "0817/134822", "correlationVector":"J59A83iGUaPtKVAuVR1Op5.1","action":"SyncServerConnectionManagerRequest", "result":"SYNC_SERVER_OK", "context":{"environment":"Prod_germanywestcentral_prod-s01-010-eur-germanywestcentral", "migrationStage":"NotStarted", "server":"akswtt004000006"}}
{"logTime": "0817/134822", "correlationVector":"J59A83iGUaPtKVAuVR1Op5.2","action":"ProcessGetUpdates", "result":"Done", "context":{"dataType":"History", "deleted":"0", "process_failed_to_decrypt":"0", "process_pending_decryption":"0", "process_success":"250", "total":"250"}}
{"logTime": "0817/134822", "correlationVector":"J59A83iGUaPtKVAuVR1Op5.3","action":"GetUpdates Response", "result":"Success", "context":Received 250 update(s). cV=J59A83iGUaPtKVAuVR1Op5.0;server=akswtt004000006;cloudType=Multitenant;environment=Prod_germanywestcentral_prod-s01-010-eur-germanywestcentral;migrationStage=NotStarted Some updates remain.}
{"logTime": "0817/134822", "correlationVector":"qKzyWZV5aeGYKhp56kA+RA","action":"Initial GetUpdates", "result":"", "context":Reason: NEWLY_SUPPORTED_DATATYPE. cV=qKzyWZV5aeGYKhp56kA+RA}
{"logTime": "0817/134823", "correlationVector":"qKzyWZV5aeGYKhp56kA+RA.1","action":"SyncServerConnectionManagerRequest", "result":"SYNC_SERVER_OK", "context":{"environment":"Prod_francecentral_prod-s01-062-eur-francecentral", "migrationStage":"NotStarted", "server":"akswtt11700000m"}}
{"logTime": "0817/134823", "correlationVector":"qKzyWZV5aeGYKhp56kA+RA.2","action":"ProcessGetUpdates", "result":"Done", "context":{"dataType":"History", "deleted":"0", "process_failed_to_decrypt":"0", "process_pending_decryption":"0", "process_success":"250", "total":"250"}}
{"logTime": "0817/134823", "correlationVector":"qKzyWZV5aeGYKhp56kA+RA.3","action":"GetUpdates Response", "result":"Success", "context":Received 250 update(s). cV=qKzyWZV5aeGYKhp56kA+RA.0;server=akswtt11700000m;cloudType=Multitenant;environment=Prod_francecentral_prod-s01-062-eur-francecentral;migrationStage=NotStarted Some updates remain.}
{"logTime": "0817/134823", "correlationVector":"y67H5BkIJjgKSI9YiuHykZ","action":"Initial GetUpdates", "result":"", "context":Reason: NEWLY_SUPPORTED_DATATYPE. cV=y67H5BkIJjgKSI9YiuHykZ}
{"logTime": "0817/134823", "correlationVector":"y67H5BkIJjgKSI9YiuHykZ.1","action":"SyncServerConnectionManagerRequest", "result":"SYNC_SERVER_OK", "context":{"environment":"Prod_germanywestcentral_prod-s01-010-eur-germanywestcentral", "migrationStage":"NotStarted", "server":"akswtt00400001b"}}
{"logTime": "0817/134823", "correlationVector":"y67H5BkIJjgKSI9YiuHykZ.2","action":"ProcessGetUpdates", "result":"Done", "context":{"dataType":"History", "deleted":"0", "process_failed_to_decrypt":"0", "process_pending_decryption":"0", "process_success":"250", "total":"250"}}
{"logTime": "0817/134823", "correlationVector":"y67H5BkIJjgKSI9YiuHykZ.3","action":"GetUpdates Response", "result":"Success", "context":Received 250 update(s). cV=y67H5BkIJjgKSI9YiuHykZ.0;server=akswtt00400001b;cloudType=Multitenant;environment=Prod_germanywestcentral_prod-s01-010-eur-germanywestcentral;migrationStage=NotStarted Some updates remain.}
{"logTime": "0817/134823", "correlationVector":"GXcmALxOylzKghVreQGYvO","action":"Initial GetUpdates", "result":"", "context":Reason: NEWLY_SUPPORTED_DATATYPE. cV=GXcmALxOylzKghVreQGYvO}
{"logTime": "0817/134824", "correlationVector":"GXcmALxOylzKghVreQGYvO.1","action":"SyncServerConnectionManagerRequest", "result":"SYNC_SERVER_OK", "context":{"environment":"Prod_francecentral_prod-s01-062-eur-francecentral", "migrationStage":"NotStarted", "server":"akswtt11700000o"}}
{"logTime": "0817/134824", "correlationVector":"GXcmALxOylzKghVreQGYvO.2","action":"ProcessGetUpdates", "result":"Done", "context":{"dataType":"History", "deleted":"0", "process_failed_to_decrypt":"0", "process_pending_decryption":"0", "process_success":"250", "total":"250"}}
{"logTime": "0817/134824", "correlationVector":"GXcmALxOylzKghVreQGYvO.3","action":"GetUpdates Response", "result":"Success", "context":Received 250 update(s). cV=GXcmALxOylzKghVreQGYvO.0;server=akswtt11700000o;cloudType=Multitenant;environment=Prod_francecentral_prod-s01-062-eur-francecentral;migrationStage=NotStarted Some updates remain.}
{"logTime": "0817/134824", "correlationVector":"8TiJKOT6FFkRuoRMQhGCaT","action":"Initial GetUpdates", "result":"", "context":Reason: NEWLY_SUPPORTED_DATATYPE. cV=8TiJKOT6FFkRuoRMQhGCaT}
{"logTime": "0817/134824", "correlationVector":"8TiJKOT6FFkRuoRMQhGCaT.1","action":"SyncServerConnectionManagerRequest", "result":"SYNC_SERVER_OK", "context":{"environment":"Prod_francecentral_prod-s01-062-eur-francecentral", "migrationStage":"NotStarted", "server":"akswtt11700000i"}}
{"logTime": "0817/134824", "correlationVector":"8TiJKOT6FFkRuoRMQhGCaT.2","action":"ProcessGetUpdates", "result":"Done", "context":{"dataType":"History", "deleted":"0", "process_failed_to_decrypt":"0", "process_pending_decryption":"0", "process_success":"250", "total":"250"}}
{"logTime": "0817/134824", "correlationVector":"8TiJKOT6FFkRuoRMQhGCaT.3","action":"GetUpdates Response", "result":"Success", "context":Received 250 update(s). cV=8TiJKOT6FFkRuoRMQhGCaT.0;server=akswtt11700000i;cloudType=Multitenant;environment=Prod_francecentral_prod-s01-062-eur-francecentral;migrationStage=NotStarted Some updates remain.}
{"logTime": "0817/134824", "correlationVector":"TQfLA5vEjS6JVMHE+Ku2UB","action":"Initial GetUpdates", "result":"", "context":Reason: NEWLY_SUPPORTED_DATATYPE. cV=TQfLA5vEjS6JVMHE+Ku2UB}
{"logTime": "0817/134824", "correlationVector":"TQfLA5vEjS6JVMHE+Ku2UB.1","action":"SyncServerConnectionManagerRequest", "result":"SYNC_SERVER_OK", "context":{"environment":"Prod_francecentral_prod-s01-062-eur-francecentral", "migrationStage":"NotStarted", "server":"akswtt11700000o"}}
{"logTime": "0817/134824", "correlationVector":"TQfLA5vEjS6JVMHE+Ku2UB.2","action":"ProcessGetUpdates", "result":"Done", "context":{"dataType":"History", "deleted":"0", "process_failed_to_decrypt":"0", "process_pending_decryption":"0", "process_success":"250", "total":"250"}}
{"logTime": "0817/134824", "correlationVector":"TQfLA5vEjS6JVMHE+Ku2UB.3","action":"GetUpdates Response", "result":"Success", "context":Received 250 update(s). cV=TQfLA5vEjS6JVMHE+Ku2UB.0;server=akswtt11700000o;cloudType=Multitenant;environment=Prod_francecentral_prod-s01-062-eur-francecentral;migrationStage=NotStarted Some updates remain.}
{"logTime": "0817/134824", "correlationVector":"KcQgxxxPsCj+/IMtvTubNf","action":"Initial GetUpdates", "result":"", "context":Reason: NEWLY_SUPPORTED_DATATYPE. cV=KcQgxxxPsCj+/IMtvTubNf}
{"logTime": "0817/134825", "correlationVector":"KcQgxxxPsCj+/IMtvTubNf.1","action":"SyncServerConnectionManagerRequest", "result":"SYNC_SERVER_OK", "context":{"environment":"Prod_germanywestcentral_prod-s01-010-eur-germanywestcentral", "migrationStage":"NotStarted", "server":"akswtt00400006p"}}
{"logTime": "0817/134825", "correlationVector":"KcQgxxxPsCj+/IMtvTubNf.2","action":"ProcessGetUpdates", "result":"Done", "context":{"dataType":"History", "deleted":"0", "process_failed_to_decrypt":"0", "process_pending_decryption":"0", "process_success":"250", "total":"250"}}
{"logTime": "0817/134825", "correlationVector":"KcQgxxxPsCj+/IMtvTubNf.3","action":"GetUpdates Response", "result":"Success", "context":Received 250 update(s). cV=KcQgxxxPsCj+/IMtvTubNf.0;server=akswtt00400006p;cloudType=Multitenant;environment=Prod_germanywestcentral_prod-s01-010-eur-germanywestcentral;migrationStage=NotStarted Some updates remain.}
{"logTime": "0817/134825", "correlationVector":"ZX6c7cadQeJPFNsmRg+COx","action":"Initial GetUpdates", "result":"", "context":Reason: NEWLY_SUPPORTED_DATATYPE. cV=ZX6c7cadQeJPFNsmRg+COx}
{"logTime": "0817/134825", "correlationVector":"ZX6c7cadQeJPFNsmRg+COx.1","action":"SyncServerConnectionManagerRequest", "result":"SYNC_SERVER_OK", "context":{"environment":"Prod_francecentral_prod-s01-062-eur-francecentral", "migrationStage":"NotStarted", "server":"akswtt11700002i"}}
{"logTime": "0817/134825", "correlationVector":"ZX6c7cadQeJPFNsmRg+COx.2","action":"ProcessGetUpdates", "result":"Done", "context":{"dataType":"History", "deleted":"0", "process_failed_to_decrypt":"0", "process_pending_decryption":"0", "process_success":"250", "total":"250"}}
{"logTime": "0817/134825", "correlationVector":"ZX6c7cadQeJPFNsmRg+COx.3","action":"GetUpdates Response", "result":"Success", "context":Received 250 update(s). cV=ZX6c7cadQeJPFNsmRg+COx.0;server=akswtt11700002i;cloudType=Multitenant;environment=Prod_francecentral_prod-s01-062-eur-francecentral;migrationStage=NotStarted Some updates remain.}
{"logTime": "0817/134825", "correlationVector":"MDGARa1rPgpQ2vFIVxLMTh","action":"Initial GetUpdates", "result":"", "context":Reason: NEWLY_SUPPORTED_DATATYPE. cV=MDGARa1rPgpQ2vFIVxLMTh}
{"logTime": "0817/134825", "correlationVector":"MDGARa1rPgpQ2vFIVxLMTh.1","action":"SyncServerConnectionManagerRequest", "result":"SYNC_SERVER_OK", "context":{"environment":"Prod_francecentral_prod-s01-062-eur-francecentral", "migrationStage":"NotStarted", "server":"akswtt117000014"}}
{"logTime": "0817/134825", "correlationVector":"MDGARa1rPgpQ2vFIVxLMTh.2","action":"ProcessGetUpdates", "result":"Done", "context":{"dataType":"History", "deleted":"0", "process_failed_to_decrypt":"0", "process_pending_decryption":"0", "process_success":"250", "total":"250"}}
{"logTime": "0817/134825", "correlationVector":"MDGARa1rPgpQ2vFIVxLMTh.3","action":"GetUpdates Response", "result":"Success", "context":Received 250 update(s). cV=MDGARa1rPgpQ2vFIVxLMTh.0;server=akswtt117000014;cloudType=Multitenant;environment=Prod_francecentral_prod-s01-062-eur-francecentral;migrationStage=NotStarted Some updates remain.}
{"logTime": "0817/134825", "correlationVector":"Hfpuqr2VwruuPuGlKptJhM","action":"Initial GetUpdates", "result":"", "context":Reason: NEWLY_SUPPORTED_DATATYPE. cV=Hfpuqr2VwruuPuGlKptJhM}
{"logTime": "0817/134826", "correlationVector":"Hfpuqr2VwruuPuGlKptJhM.1","action":"SyncServerConnectionManagerRequest", "result":"SYNC_SERVER_OK", "context":{"environment":"Prod_francecentral_prod-s01-062-eur-francecentral", "migrationStage":"NotStarted", "server":"akswtt11700002i"}}
{"logTime": "0817/134826", "correlationVector":"Hfpuqr2VwruuPuGlKptJhM.2","action":"ProcessGetUpdates", "result":"Done", "context":{"dataType":"History", "deleted":"0", "process_failed_to_decrypt":"0", "process_pending_decryption":"0", "process_success":"250", "total":"250"}}
{"logTime": "0817/134826", "correlationVector":"Hfpuqr2VwruuPuGlKptJhM.3","action":"GetUpdates Response", "result":"Success", "context":Received 250 update(s). cV=Hfpuqr2VwruuPuGlKptJhM.0;server=akswtt11700002i;cloudType=Multitenant;environment=Prod_francecentral_prod-s01-062-eur-francecentral;migrationStage=NotStarted Some updates remain.}
{"logTime": "0817/134826", "correlationVector":"4MmGtwmi8xKX7dwd2kwAUQ","action":"Initial GetUpdates", "result":"", "context":Reason: NEWLY_SUPPORTED_DATATYPE. cV=4MmGtwmi8xKX7dwd2kwAUQ}
{"logTime": "0817/134826", "correlationVector":"4MmGtwmi8xKX7dwd2kwAUQ.1","action":"SyncServerConnectionManagerRequest", "result":"SYNC_SERVER_OK", "context":{"environment":"Prod_westeurope_prod-s01-079-eur-westeurope", "migrationStage":"NotStarted", "server":"akswtt00400001j"}}
{"logTime": "0817/134826", "correlationVector":"4MmGtwmi8xKX7dwd2kwAUQ.2","action":"ProcessGetUpdates", "result":"Done", "context":{"dataType":"History", "deleted":"0", "process_failed_to_decrypt":"0", "process_pending_decryption":"0", "process_success":"250", "total":"250"}}
{"logTime": "0817/134826", "correlationVector":"4MmGtwmi8xKX7dwd2kwAUQ.3","action":"GetUpdates Response", "result":"Success", "context":Received 250 update(s). cV=4MmGtwmi8xKX7dwd2kwAUQ.0;server=akswtt00400001j;cloudType=Multitenant;environment=Prod_westeurope_prod-s01-079-eur-westeurope;migrationStage=NotStarted Some updates remain.}
{"logTime": "0817/134826", "correlationVector":"HU3H7uDlNPLoUUuBSC1bEX","action":"Initial GetUpdates", "result":"", "context":Reason: NEWLY_SUPPORTED_DATATYPE. cV=HU3H7uDlNPLoUUuBSC1bEX}
{"logTime": "0817/134827", "correlationVector":"HU3H7uDlNPLoUUuBSC1bEX.1","action":"SyncServerConnectionManagerRequest", "result":"SYNC_SERVER_OK", "context":{"environment":"Prod_westeurope_prod-s01-079-eur-westeurope", "migrationStage":"NotStarted", "server":"akswtt00400000a"}}
{"logTime": "0817/134827", "correlationVector":"HU3H7uDlNPLoUUuBSC1bEX.2","action":"ProcessGetUpdates", "result":"Done", "context":{"dataType":"History", "deleted":"0", "process_failed_to_decrypt":"0", "process_pending_decryption":"0", "process_success":"250", "total":"250"}}
{"logTime": "0817/134827", "correlationVector":"HU3H7uDlNPLoUUuBSC1bEX.3","action":"GetUpdates Response", "result":"Success", "context":Received 250 update(s). cV=HU3H7uDlNPLoUUuBSC1bEX.0;server=akswtt00400000a;cloudType=Multitenant;environment=Prod_westeurope_prod-s01-079-eur-westeurope;migrationStage=NotStarted Some updates remain.}
{"logTime": "0817/134827", "correlationVector":"ey9IuoHgvAERQnR/xBx7RA","action":"Initial GetUpdates", "result":"", "context":Reason: NEWLY_SUPPORTED_DATATYPE. cV=ey9IuoHgvAERQnR/xBx7RA}
{"logTime": "0817/134827", "correlationVector":"ey9IuoHgvAERQnR/xBx7RA.1","action":"SyncServerConnectionManagerRequest", "result":"SYNC_SERVER_OK", "context":{"environment":"Prod_francecentral_prod-s01-062-eur-francecentral", "migrationStage":"NotStarted", "server":"akswtt11700000f"}}
{"logTime": "0817/134827", "correlationVector":"ey9IuoHgvAERQnR/xBx7RA.2","action":"ProcessGetUpdates", "result":"Done", "context":{"dataType":"History", "deleted":"0", "process_failed_to_decrypt":"0", "process_pending_decryption":"0", "process_success":"250", "total":"250"}}
{"logTime": "0817/134827", "correlationVector":"ey9IuoHgvAERQnR/xBx7RA.3","action":"GetUpdates Response", "result":"Success", "context":Received 250 update(s). cV=ey9IuoHgvAERQnR/xBx7RA.0;server=akswtt11700000f;cloudType=Multitenant;environment=Prod_francecentral_prod-s01-062-eur-francecentral;migrationStage=NotStarted Some updates remain.}
{"logTime": "0817/134827", "correlationVector":"jQOSzIsL6tYUtrquasigOn","action":"Initial GetUpdates", "result":"", "context":Reason: NEWLY_SUPPORTED_DATATYPE. cV=jQOSzIsL6tYUtrquasigOn}
{"logTime": "0817/134828", "correlationVector":"jQOSzIsL6tYUtrquasigOn.1","action":"SyncServerConnectionManagerRequest", "result":"SYNC_SERVER_OK", "context":{"environment":"Prod_germanywestcentral_prod-s01-010-eur-germanywestcentral", "migrationStage":"NotStarted", "server":"akswtt004000088"}}
{"logTime": "0817/134828", "correlationVector":"jQOSzIsL6tYUtrquasigOn.2","action":"ProcessGetUpdates", "result":"Done", "context":{"dataType":"History", "deleted":"0", "process_failed_to_decrypt":"0", "process_pending_decryption":"0", "process_success":"250", "total":"250"}}
{"logTime": "0817/134828", "correlationVector":"jQOSzIsL6tYUtrquasigOn.3","action":"GetUpdates Response", "result":"Success", "context":Received 250 update(s). cV=jQOSzIsL6tYUtrquasigOn.0;server=akswtt004000088;cloudType=Multitenant;environment=Prod_germanywestcentral_prod-s01-010-eur-germanywestcentral;migrationStage=NotStarted Some updates remain.}
{"logTime": "0817/134828", "correlationVector":"roBQE2Bd9v2JdAiuA0whyP","action":"Initial GetUpdates", "result":"", "context":Reason: NEWLY_SUPPORTED_DATATYPE. cV=roBQE2Bd9v2JdAiuA0whyP}
{"logTime": "0817/134828", "correlationVector":"roBQE2Bd9v2JdAiuA0whyP.1","action":"SyncServerConnectionManagerRequest", "result":"SYNC_SERVER_OK", "context":{"environment":"Prod_westeurope_prod-s01-079-eur-westeurope", "migrationStage":"NotStarted", "server":"akswtt00400000c"}}
{"logTime": "0817/134828", "correlationVector":"roBQE2Bd9v2JdAiuA0whyP.2","action":"ProcessGetUpdates", "result":"Done", "context":{"dataType":"History", "deleted":"0", "process_failed_to_decrypt":"0", "process_pending_decryption":"0", "process_success":"250", "total":"250"}}
{"logTime": "0817/134828", "correlationVector":"roBQE2Bd9v2JdAiuA0whyP.3","action":"GetUpdates Response", "result":"Success", "context":Received 250 update(s). cV=roBQE2Bd9v2JdAiuA0whyP.0;server=akswtt00400000c;cloudType=Multitenant;environment=Prod_westeurope_prod-s01-079-eur-westeurope;migrationStage=NotStarted Some updates remain.}
{"logTime": "0817/134828", "correlationVector":"a0tqDgzbW9iPgCg8ivuNCt","action":"Initial GetUpdates", "result":"", "context":Reason: NEWLY_SUPPORTED_DATATYPE. cV=a0tqDgzbW9iPgCg8ivuNCt}
{"logTime": "0817/134828", "correlationVector":"a0tqDgzbW9iPgCg8ivuNCt.1","action":"SyncServerConnectionManagerRequest", "result":"SYNC_SERVER_OK", "context":{"environment":"Prod_germanywestcentral_prod-s01-010-eur-germanywestcentral", "migrationStage":"NotStarted", "server":"akswtt00400001b"}}
{"logTime": "0817/134828", "correlationVector":"a0tqDgzbW9iPgCg8ivuNCt.2","action":"ProcessGetUpdates", "result":"Done", "context":{"dataType":"History", "deleted":"0", "process_failed_to_decrypt":"0", "process_pending_decryption":"0", "process_success":"84", "total":"84"}}
{"logTime": "0817/134828", "correlationVector":"a0tqDgzbW9iPgCg8ivuNCt.3","action":"GetUpdates Response", "result":"Success", "context":Received 84 update(s). cV=a0tqDgzbW9iPgCg8ivuNCt.0;server=akswtt00400001b;cloudType=Multitenant;environment=Prod_germanywestcentral_prod-s01-010-eur-germanywestcentral;migrationStage=NotStarted}
{"logTime": "0817/134828", "correlationVector":"CsuAKTQFHEyA1zsHa+d5Iu","action":"Normal GetUpdate request", "result":"", "context":cV=CsuAKTQFHEyA1zsHa+d5Iu
Nudged types: Sessions, Device Info, History
Refresh requested types: Bookmarks, Preferences, Passwords, Autofill Profiles, Autofill, Extensions, Sessions, Extension settings, History Delete Directives, Device Info, User Consents, Send Tab To Self, Web Apps, History, Saved Tab Group, WebAuthn Credentials, Edge E Drop, Edge Hub App Usage, Edge Workspace, Encryption Keys}
{"logTime": "0817/134828", "correlationVector":"CsuAKTQFHEyA1zsHa+d5Iu.1","action":"SyncServerConnectionManagerRequest", "result":"SYNC_SERVER_OK", "context":{"environment":"Prod_westeurope_prod-s01-079-eur-westeurope", "migrationStage":"NotStarted", "server":"akswtt00400000j"}}
{"logTime": "0817/134828", "correlationVector":"CsuAKTQFHEyA1zsHa+d5Iu.2","action":"GetUpdates Response", "result":"Success", "context":Received 0 update(s). cV=CsuAKTQFHEyA1zsHa+d5Iu.0;server=akswtt00400000j;cloudType=Multitenant;environment=Prod_westeurope_prod-s01-079-eur-westeurope;migrationStage=NotStarted}
{"logTime": "0817/134828", "correlationVector":"XPFRrLtPRB/k3qWTgGILgg","action":"Commit Request", "result":"", "context":Item count: 4
Contributing types: Sessions, Device Info, History}
{"logTime": "0817/134829", "correlationVector":"XPFRrLtPRB/k3qWTgGILgg.1","action":"SyncServerConnectionManagerRequest", "result":"SYNC_SERVER_OK", "context":{"environment":"Prod_francecentral_prod-s01-062-eur-francecentral", "migrationStage":"NotStarted", "server":"akswtt11700000j"}}
{"logTime": "0817/134829", "correlationVector":"XPFRrLtPRB/k3qWTgGILgg.2","action":"Commit Response", "result":"Success", "context":Result: Success. cV=XPFRrLtPRB/k3qWTgGILgg.0;server=akswtt11700000j;cloudType=Multitenant;environment=Prod_francecentral_prod-s01-062-eur-francecentral;migrationStage=NotStarted}
{"logTime": "0817/134842", "correlationVector":"CsNDNn6yf3aNFi05oQ/MTM","action":"Commit Request", "result":"", "context":Item count: 4
Contributing types: Preferences, Sessions, History}
{"logTime": "0817/134842", "correlationVector":"CsNDNn6yf3aNFi05oQ/MTM.1","action":"SyncServerConnectionManagerRequest", "result":"SYNC_SERVER_OK", "context":{"environment":"Prod_francecentral_prod-s01-062-eur-francecentral", "migrationStage":"NotStarted", "server":"akswtt117000016"}}
{"logTime": "0817/134842", "correlationVector":"CsNDNn6yf3aNFi05oQ/MTM.2","action":"Commit Response", "result":"Success", "context":Result: Success. cV=CsNDNn6yf3aNFi05oQ/MTM.0;server=akswtt117000016;cloudType=Multitenant;environment=Prod_francecentral_prod-s01-062-eur-francecentral;migrationStage=NotStarted}
{"logTime": "0817/134947", "correlationVector":"NYG3PdpGsPYuvuZU4tQtx6","action":"Commit Request", "result":"", "context":Item count: 3
Contributing types: Sessions, History}
{"logTime": "0817/134947", "correlationVector":"NYG3PdpGsPYuvuZU4tQtx6.1","action":"SyncServerConnectionManagerRequest", "result":"SYNC_SERVER_OK", "context":{"environment":"Prod_francecentral_prod-s01-062-eur-francecentral", "migrationStage":"NotStarted", "server":"akswtt11700000j"}}
{"logTime": "0817/134947", "correlationVector":"NYG3PdpGsPYuvuZU4tQtx6.2","action":"Commit Response", "result":"Success", "context":Result: Success. cV=NYG3PdpGsPYuvuZU4tQtx6.0;server=akswtt11700000j;cloudType=Multitenant;environment=Prod_francecentral_prod-s01-062-eur-francecentral;migrationStage=NotStarted}
